rep=1 BENCH2 pct=100 sm=132 cfg=off gemm fp16_128x128x128 value=9.37 unit=us ok rewritten=0%
rep=1 BENCH2 pct=100 sm=132 cfg=off gemm fp16_256x256x256 value=9.48 unit=us ok rewritten=0%
rep=1 BENCH2 pct=100 sm=132 cfg=off gemm fp16_512x512x512 value=9.47 unit=us ok rewritten=0%
rep=1 BENCH2 pct=100 sm=132 cfg=off gemm fp16_1024x1024x1024 value=9.75 unit=us ok rewritten=0%
rep=1 BENCH2 pct=100 sm=132 cfg=off gemm fp16_2048x2048x2048 value=27.91 unit=us ok rewritten=0%
rep=1 BENCH2 pct=100 sm=132 cfg=off gemm fp16_4096x4096x4096 value=211.78 unit=us ok rewritten=0%
rep=1 BENCH2 pct=100 sm=132 cfg=off gemm fp16_8192x8192x8192 value=1681.03 unit=us ok rewritten=0%
rep=1 BENCH2 pct=100 sm=132 cfg=off gemm fp16_1x4096x4096 value=12.04 unit=us ok rewritten=0%
rep=1 BENCH2 pct=100 sm=132 cfg=off gemm fp16_16x4096x4096 value=12.11 unit=us ok rewritten=0%
rep=1 BENCH2 pct=100 sm=132 cfg=off gemm fp16_64x4096x4096 value=10.88 unit=us ok rewritten=0%
rep=1 BENCH2 pct=100 sm=132 cfg=off gemm fp16_256x4096x4096 value=17.55 unit=us ok rewritten=0%
rep=1 BENCH2 pct=100 sm=132 cfg=off gemm fp16_1024x4096x4096 value=54.90 unit=us ok rewritten=0%
rep=1 BENCH2 pct=100 sm=132 cfg=off gemm fp16_16x2048x1000 value=9.68 unit=us ok rewritten=0%
rep=1 BENCH2 pct=100 sm=132 cfg=off gemm fp16_64x2048x1000 value=9.70 unit=us ok rewritten=0%
rep=1 BENCH2 pct=100 sm=132 cfg=off gemm fp16_1024x4096x128 value=11.86 unit=us ok rewritten=0%
rep=1 BENCH2 pct=100 sm=132 cfg=off gemm fp16_32x4096x32000 value=66.79 unit=us ok rewritten=0%
rep=1 BENCH2 pct=100 sm=132 cfg=off gemm bf16_512x512x512 value=9.41 unit=us ok rewritten=0%
rep=1 BENCH2 pct=100 sm=132 cfg=off gemm bf16_1024x1024x1024 value=9.80 unit=us ok rewritten=0%
rep=1 BENCH2 pct=100 sm=132 cfg=off gemm bf16_2048x2048x2048 value=27.05 unit=us ok rewritten=0%
rep=1 BENCH2 pct=100 sm=132 cfg=off gemm bf16_4096x4096x4096 value=201.45 unit=us ok rewritten=0%
rep=1 BENCH2 pct=100 sm=132 cfg=off e2e resnet50_cl0_bs1 value=295.05 unit=img/s ok rewritten=0%
rep=1 BENCH2 pct=100 sm=132 cfg=off e2e resnet50_cl0_bs16 value=4606.12 unit=img/s ok rewritten=0%
rep=1 BENCH2 pct=100 sm=132 cfg=off e2e resnet50_cl0_bs64 value=9028.91 unit=img/s ok rewritten=0%
rep=1 BENCH2 pct=100 sm=132 cfg=off e2e resnet50_cl1_bs1 value=321.24 unit=img/s ok rewritten=0%
rep=1 BENCH2 pct=100 sm=132 cfg=off e2e resnet50_cl1_bs16 value=5061.52 unit=img/s ok rewritten=0%
rep=1 BENCH2 pct=100 sm=132 cfg=off e2e resnet50_cl1_bs64 value=14059.33 unit=img/s ok rewritten=0%
rep=1 BENCH2 pct=100 sm=132 cfg=off e2e vit_b_16_cl0_bs1 value=359.90 unit=img/s ok rewritten=0%
rep=1 BENCH2 pct=100 sm=132 cfg=off e2e vit_b_16_cl0_bs16 value=5690.10 unit=img/s ok rewritten=0%
rep=1 BENCH2 pct=100 sm=132 cfg=off e2e vit_b_16_cl0_bs64 value=9801.24 unit=img/s ok rewritten=0%
rep=1 BENCH2 pct=100 sm=132 cfg=guard gemm fp16_128x128x128 value=9.45 unit=us ok rewritten=100%
rep=1 BENCH2 pct=100 sm=132 cfg=guard gemm fp16_256x256x256 value=9.71 unit=us ok rewritten=0%
rep=1 BENCH2 pct=100 sm=132 cfg=guard gemm fp16_512x512x512 value=9.59 unit=us ok rewritten=100%
rep=1 BENCH2 pct=100 sm=132 cfg=guard gemm fp16_1024x1024x1024 value=9.85 unit=us ok rewritten=0%
rep=1 BENCH2 pct=100 sm=132 cfg=guard gemm fp16_2048x2048x2048 value=27.91 unit=us ok rewritten=0%
rep=1 BENCH2 pct=100 sm=132 cfg=guard gemm fp16_4096x4096x4096 value=211.28 unit=us ok rewritten=0%
rep=1 BENCH2 pct=100 sm=132 cfg=guard gemm fp16_8192x8192x8192 value=1677.37 unit=us ok rewritten=0%
rep=1 BENCH2 pct=100 sm=132 cfg=guard gemm fp16_1x4096x4096 value=12.74 unit=us ok rewritten=100%
rep=1 BENCH2 pct=100 sm=132 cfg=guard gemm fp16_16x4096x4096 value=12.63 unit=us ok rewritten=100%
rep=1 BENCH2 pct=100 sm=132 cfg=guard gemm fp16_64x4096x4096 value=11.08 unit=us ok rewritten=0%
rep=1 BENCH2 pct=100 sm=132 cfg=guard gemm fp16_256x4096x4096 value=18.90 unit=us ok rewritten=0%
rep=1 BENCH2 pct=100 sm=132 cfg=guard gemm fp16_1024x4096x4096 value=55.01 unit=us ok rewritten=0%
rep=1 BENCH2 pct=100 sm=132 cfg=guard gemm fp16_16x2048x1000 value=9.99 unit=us ok rewritten=100%
rep=1 BENCH2 pct=100 sm=132 cfg=guard gemm fp16_64x2048x1000 value=9.79 unit=us ok rewritten=0%
rep=1 BENCH2 pct=100 sm=132 cfg=guard gemm fp16_1024x4096x128 value=11.96 unit=us ok rewritten=100%
rep=1 BENCH2 pct=100 sm=132 cfg=guard gemm fp16_32x4096x32000 value=66.03 unit=us ok rewritten=0%
rep=1 BENCH2 pct=100 sm=132 cfg=guard gemm bf16_512x512x512 value=9.62 unit=us ok rewritten=100%
rep=1 BENCH2 pct=100 sm=132 cfg=guard gemm bf16_1024x1024x1024 value=9.90 unit=us ok rewritten=0%
rep=1 BENCH2 pct=100 sm=132 cfg=guard gemm bf16_2048x2048x2048 value=26.97 unit=us ok rewritten=0%
rep=1 BENCH2 pct=100 sm=132 cfg=guard gemm bf16_4096x4096x4096 value=202.25 unit=us ok rewritten=0%
rep=1 BENCH2 pct=100 sm=132 cfg=guard e2e resnet50_cl0_bs1 value=294.79 unit=img/s ok rewritten=47%
rep=1 BENCH2 pct=100 sm=132 cfg=guard e2e resnet50_cl0_bs16 value=4642.28 unit=img/s ok rewritten=3%
rep=1 BENCH2 pct=100 sm=132 cfg=guard e2e resnet50_cl0_bs64 value=9111.97 unit=img/s ok rewritten=14%
rep=1 BENCH2 pct=100 sm=132 cfg=guard e2e resnet50_cl1_bs1 value=309.57 unit=img/s ok rewritten=97%
rep=1 BENCH2 pct=100 sm=132 cfg=guard e2e resnet50_cl1_bs16 value=4819.78 unit=img/s ok rewritten=21%
rep=1 BENCH2 pct=100 sm=132 cfg=guard e2e resnet50_cl1_bs64 value=14193.48 unit=img/s ok rewritten=0%
rep=1 BENCH2 pct=100 sm=132 cfg=guard e2e vit_b_16_cl0_bs1 value=352.01 unit=img/s ok rewritten=98%
rep=1 BENCH2 pct=100 sm=132 cfg=guard e2e vit_b_16_cl0_bs16 value=5652.37 unit=img/s ok rewritten=2%
rep=1 BENCH2 pct=100 sm=132 cfg=guard e2e vit_b_16_cl0_bs64 value=9785.28 unit=img/s ok rewritten=0%
rep=1 [LTGUARD] pid=1 matmul calls=2171177 cluster shape rewritten=1054209 (cache hits 1034370) left unsafe=0
rep=1 BENCH2 pct=50 sm=66 cfg=off gemm fp16_128x128x128 value=9.52 unit=us ok rewritten=0%
rep=1 BENCH2 pct=50 sm=66 cfg=off gemm fp16_256x256x256 value=9.55 unit=us ok rewritten=0%
rep=1 BENCH2 pct=50 sm=66 cfg=off gemm fp16_512x512x512 value=9.43 unit=us ok rewritten=0%
rep=1 BENCH2 pct=50 sm=66 cfg=off gemm fp16_1024x1024x1024 value=10.32 unit=us ok rewritten=0%
rep=1 BENCH2 pct=50 sm=66 cfg=off gemm fp16_2048x2048x2048 value=44.84 unit=us ok rewritten=0%
rep=1 BENCH2 pct=50 sm=66 cfg=off gemm fp16_4096x4096x4096 value=313.35 unit=us ok rewritten=0%
rep=1 BENCH2 pct=50 sm=66 cfg=off gemm fp16_8192x8192x8192 value=2505.82 unit=us ok rewritten=0%
rep=1 BENCH2 pct=50 sm=66 cfg=off gemm fp16_1x4096x4096 value=14.06 unit=us ok rewritten=0%
rep=1 BENCH2 pct=50 sm=66 cfg=off gemm fp16_16x4096x4096 value=12.59 unit=us ok rewritten=0%
rep=1 BENCH2 pct=50 sm=66 cfg=off gemm fp16_64x4096x4096 value=14.00 unit=us ok rewritten=0%
rep=1 BENCH2 pct=50 sm=66 cfg=off gemm fp16_256x4096x4096 value=24.93 unit=us ok rewritten=0%
rep=1 BENCH2 pct=50 sm=66 cfg=off gemm fp16_1024x4096x4096 value=82.12 unit=us ok rewritten=0%
rep=1 BENCH2 pct=50 sm=66 cfg=off gemm fp16_16x2048x1000 value=9.75 unit=us ok rewritten=0%
rep=1 BENCH2 pct=50 sm=66 cfg=off gemm fp16_64x2048x1000 value=9.86 unit=us ok rewritten=0%
rep=1 BENCH2 pct=50 sm=66 cfg=off gemm fp16_1024x4096x128 value=10.93 unit=us ok rewritten=0%
rep=1 BENCH2 pct=50 sm=66 cfg=off gemm fp16_32x4096x32000 value=78.09 unit=us ok rewritten=0%
rep=1 BENCH2 pct=50 sm=66 cfg=off gemm bf16_512x512x512 value=9.73 unit=us ok rewritten=0%
rep=1 BENCH2 pct=50 sm=66 cfg=off gemm bf16_1024x1024x1024 value=11.46 unit=us ok rewritten=0%
rep=1 BENCH2 pct=50 sm=66 cfg=off gemm bf16_2048x2048x2048 value=44.46 unit=us ok rewritten=0%
rep=1 BENCH2 pct=50 sm=66 cfg=off gemm bf16_4096x4096x4096 value=310.36 unit=us ok rewritten=0%
rep=1 BENCH2 pct=50 sm=66 cfg=off e2e resnet50_cl0_bs1 value=293.92 unit=img/s ok rewritten=0%
rep=1 BENCH2 pct=50 sm=66 cfg=off e2e resnet50_cl0_bs16 value=4407.77 unit=img/s ok rewritten=0%
rep=1 BENCH2 pct=50 sm=66 cfg=off e2e resnet50_cl0_bs64 value=5869.31 unit=img/s ok rewritten=0%
rep=1 BENCH2 pct=50 sm=66 cfg=off e2e resnet50_cl1_bs1 value=328.05 unit=img/s ok rewritten=0%
rep=1 BENCH2 pct=50 sm=66 cfg=off e2e resnet50_cl1_bs16 value=4930.74 unit=img/s ok rewritten=0%
rep=1 BENCH2 pct=50 sm=66 cfg=off e2e resnet50_cl1_bs64 value=9397.85 unit=img/s ok rewritten=0%
rep=1 BENCH2 pct=50 sm=66 cfg=off e2e vit_b_16_cl0_bs1 value=376.75 unit=img/s ok rewritten=0%
rep=1 BENCH2 pct=50 sm=66 cfg=off e2e vit_b_16_cl0_bs16 value=5093.38 unit=img/s ok rewritten=0%
rep=1 BENCH2 pct=50 sm=66 cfg=off e2e vit_b_16_cl0_bs64 value=5891.63 unit=img/s ok rewritten=0%
rep=1 BENCH2 pct=50 sm=66 cfg=guard gemm fp16_128x128x128 value=9.48 unit=us ok rewritten=100%
rep=1 BENCH2 pct=50 sm=66 cfg=guard gemm fp16_256x256x256 value=9.59 unit=us ok rewritten=100%
rep=1 BENCH2 pct=50 sm=66 cfg=guard gemm fp16_512x512x512 value=9.64 unit=us ok rewritten=100%
rep=1 BENCH2 pct=50 sm=66 cfg=guard gemm fp16_1024x1024x1024 value=10.22 unit=us ok rewritten=100%
rep=1 BENCH2 pct=50 sm=66 cfg=guard gemm fp16_2048x2048x2048 value=44.50 unit=us ok rewritten=100%
rep=1 BENCH2 pct=50 sm=66 cfg=guard gemm fp16_4096x4096x4096 value=318.28 unit=us ok rewritten=100%
rep=1 BENCH2 pct=50 sm=66 cfg=guard gemm fp16_8192x8192x8192 value=2537.74 unit=us ok rewritten=100%
rep=1 BENCH2 pct=50 sm=66 cfg=guard gemm fp16_1x4096x4096 value=13.08 unit=us ok rewritten=100%
rep=1 BENCH2 pct=50 sm=66 cfg=guard gemm fp16_16x4096x4096 value=12.63 unit=us ok rewritten=100%
rep=1 BENCH2 pct=50 sm=66 cfg=guard gemm fp16_64x4096x4096 value=15.09 unit=us ok rewritten=100%
rep=1 BENCH2 pct=50 sm=66 cfg=guard gemm fp16_256x4096x4096 value=24.67 unit=us ok rewritten=100%
rep=1 BENCH2 pct=50 sm=66 cfg=guard gemm fp16_1024x4096x4096 value=82.99 unit=us ok rewritten=100%
rep=1 BENCH2 pct=50 sm=66 cfg=guard gemm fp16_16x2048x1000 value=9.95 unit=us ok rewritten=100%
rep=1 BENCH2 pct=50 sm=66 cfg=guard gemm fp16_64x2048x1000 value=9.83 unit=us ok rewritten=100%
rep=1 BENCH2 pct=50 sm=66 cfg=guard gemm fp16_1024x4096x128 value=11.20 unit=us ok rewritten=100%
rep=1 BENCH2 pct=50 sm=66 cfg=guard gemm fp16_32x4096x32000 value=67.66 unit=us ok rewritten=100%
rep=1 BENCH2 pct=50 sm=66 cfg=guard gemm bf16_512x512x512 value=9.61 unit=us ok rewritten=100%
rep=1 BENCH2 pct=50 sm=66 cfg=guard gemm bf16_1024x1024x1024 value=10.47 unit=us ok rewritten=100%
rep=1 BENCH2 pct=50 sm=66 cfg=guard gemm bf16_2048x2048x2048 value=44.15 unit=us ok rewritten=100%
rep=1 BENCH2 pct=50 sm=66 cfg=guard gemm bf16_4096x4096x4096 value=310.19 unit=us ok rewritten=100%
rep=1 BENCH2 pct=50 sm=66 cfg=guard e2e resnet50_cl0_bs1 value=277.24 unit=img/s ok rewritten=35%
rep=1 BENCH2 pct=50 sm=66 cfg=guard e2e resnet50_cl0_bs16 value=4441.28 unit=img/s ok rewritten=34%
rep=1 BENCH2 pct=50 sm=66 cfg=guard e2e resnet50_cl0_bs64 value=5889.31 unit=img/s ok rewritten=4%
rep=1 BENCH2 pct=50 sm=66 cfg=guard e2e resnet50_cl1_bs1 value=294.69 unit=img/s ok rewritten=68%
rep=1 BENCH2 pct=50 sm=66 cfg=guard e2e resnet50_cl1_bs16 value=4859.60 unit=img/s ok rewritten=18%
rep=1 BENCH2 pct=50 sm=66 cfg=guard e2e resnet50_cl1_bs64 value=9705.94 unit=img/s ok rewritten=3%
rep=1 BENCH2 pct=50 sm=66 cfg=guard e2e vit_b_16_cl0_bs1 value=328.31 unit=img/s ok rewritten=100%
rep=1 BENCH2 pct=50 sm=66 cfg=guard e2e vit_b_16_cl0_bs16 value=5135.87 unit=img/s ok rewritten=2%
rep=1 BENCH2 pct=50 sm=66 cfg=guard e2e vit_b_16_cl0_bs64 value=5903.19 unit=img/s ok rewritten=2%
rep=1 [LTGUARD] pid=1 matmul calls=2030937 cluster shape rewritten=1929094 (cache hits 1884349) left unsafe=0
rep=1 BENCH2 pct=25 sm=32 cfg=off gemm fp16_128x128x128 value=9.45 unit=us ok rewritten=0%
rep=1 BENCH2 pct=25 sm=32 cfg=off gemm fp16_256x256x256 value=9.54 unit=us ok rewritten=0%
rep=1 BENCH2 pct=25 sm=32 cfg=off gemm fp16_512x512x512 value=9.61 unit=us ok rewritten=0%
rep=1 BENCH2 pct=25 sm=32 cfg=off gemm fp16_1024x1024x1024 value=15.53 unit=us ok rewritten=0%
rep=1 BENCH2 pct=25 sm=32 cfg=off gemm fp16_2048x2048x2048 value=85.25 unit=us ok rewritten=0%
rep=1 BENCH2 pct=25 sm=32 cfg=off gemm fp16_4096x4096x4096 value=616.54 unit=us ok rewritten=0%
rep=1 BENCH2 pct=25 sm=32 cfg=off gemm fp16_8192x8192x8192 value=4763.59 unit=us ok rewritten=0%
rep=1 BENCH2 pct=25 sm=32 cfg=off gemm fp16_1x4096x4096 value=15.97 unit=us ok rewritten=0%
rep=1 BENCH2 pct=25 sm=32 cfg=off gemm fp16_16x4096x4096 value=15.69 unit=us ok rewritten=0%
rep=1 BENCH2 pct=25 sm=32 cfg=off gemm fp16_64x4096x4096 value=16.78 unit=us ok rewritten=0%
rep=1 BENCH2 pct=25 sm=32 cfg=off gemm fp16_256x4096x4096 value=43.26 unit=us ok rewritten=0%
rep=1 BENCH2 pct=25 sm=32 cfg=off gemm fp16_1024x4096x4096 value=158.42 unit=us ok rewritten=0%
rep=1 BENCH2 pct=25 sm=32 cfg=off gemm fp16_16x2048x1000 value=9.79 unit=us ok rewritten=0%
rep=1 BENCH2 pct=25 sm=32 cfg=off gemm fp16_64x2048x1000 value=9.76 unit=us ok rewritten=0%
rep=1 BENCH2 pct=25 sm=32 cfg=off gemm fp16_1024x4096x128 value=11.61 unit=us ok rewritten=0%
rep=1 BENCH2 pct=25 sm=32 cfg=off gemm fp16_32x4096x32000 value=108.63 unit=us ok rewritten=0%
rep=1 BENCH2 pct=25 sm=32 cfg=off gemm bf16_512x512x512 value=9.49 unit=us ok rewritten=0%
rep=1 BENCH2 pct=25 sm=32 cfg=off gemm bf16_1024x1024x1024 value=15.32 unit=us ok rewritten=0%
rep=1 BENCH2 pct=25 sm=32 cfg=off gemm bf16_2048x2048x2048 value=85.36 unit=us ok rewritten=0%
rep=1 BENCH2 pct=25 sm=32 cfg=off gemm bf16_4096x4096x4096 value=613.11 unit=us ok rewritten=0%
rep=1 BENCH2 pct=25 sm=32 cfg=off e2e resnet50_cl0_bs1 value=293.74 unit=img/s ok rewritten=0%
rep=1 BENCH2 pct=25 sm=32 cfg=off e2e resnet50_cl0_bs16 value=2637.35 unit=img/s ok rewritten=0%
rep=1 BENCH2 pct=25 sm=32 cfg=off e2e resnet50_cl0_bs64 value=3018.95 unit=img/s ok rewritten=0%
rep=1 BENCH2 pct=25 sm=32 cfg=off e2e resnet50_cl1_bs1 value=323.00 unit=img/s ok rewritten=0%
rep=1 BENCH2 pct=25 sm=32 cfg=off e2e resnet50_cl1_bs16 value=4267.76 unit=img/s ok rewritten=0%
rep=1 BENCH2 pct=25 sm=32 cfg=off e2e resnet50_cl1_bs64 value=5064.14 unit=img/s ok rewritten=0%
rep=1 BENCH2 pct=25 sm=32 cfg=off e2e vit_b_16_cl0_bs1 value=366.31 unit=img/s ok rewritten=0%
rep=1 BENCH2 pct=25 sm=32 cfg=off e2e vit_b_16_cl0_bs16 value=2735.71 unit=img/s ok rewritten=0%
rep=1 BENCH2 pct=25 sm=32 cfg=off e2e vit_b_16_cl0_bs64 value=2967.80 unit=img/s ok rewritten=0%
rep=1 BENCH2 pct=25 sm=32 cfg=guard gemm fp16_128x128x128 value=9.55 unit=us ok rewritten=100%
rep=1 BENCH2 pct=25 sm=32 cfg=guard gemm fp16_256x256x256 value=9.46 unit=us ok rewritten=100%
rep=1 BENCH2 pct=25 sm=32 cfg=guard gemm fp16_512x512x512 value=9.66 unit=us ok rewritten=100%
rep=1 BENCH2 pct=25 sm=32 cfg=guard gemm fp16_1024x1024x1024 value=15.12 unit=us ok rewritten=100%
rep=1 BENCH2 pct=25 sm=32 cfg=guard gemm fp16_2048x2048x2048 value=85.23 unit=us ok rewritten=100%
rep=1 BENCH2 pct=25 sm=32 cfg=guard gemm fp16_4096x4096x4096 value=612.26 unit=us ok rewritten=100%
rep=1 BENCH2 pct=25 sm=32 cfg=guard gemm fp16_8192x8192x8192 value=4749.19 unit=us ok rewritten=100%
rep=1 BENCH2 pct=25 sm=32 cfg=guard gemm fp16_1x4096x4096 value=18.92 unit=us ok rewritten=100%
rep=1 BENCH2 pct=25 sm=32 cfg=guard gemm fp16_16x4096x4096 value=19.07 unit=us ok rewritten=100%
rep=1 BENCH2 pct=25 sm=32 cfg=guard gemm fp16_64x4096x4096 value=21.76 unit=us ok rewritten=100%
rep=1 BENCH2 pct=25 sm=32 cfg=guard gemm fp16_256x4096x4096 value=43.31 unit=us ok rewritten=100%
rep=1 BENCH2 pct=25 sm=32 cfg=guard gemm fp16_1024x4096x4096 value=158.00 unit=us ok rewritten=100%
rep=1 BENCH2 pct=25 sm=32 cfg=guard gemm fp16_16x2048x1000 value=10.04 unit=us ok rewritten=100%
rep=1 BENCH2 pct=25 sm=32 cfg=guard gemm fp16_64x2048x1000 value=10.23 unit=us ok rewritten=100%
rep=1 BENCH2 pct=25 sm=32 cfg=guard gemm fp16_1024x4096x128 value=13.36 unit=us ok rewritten=100%
rep=1 BENCH2 pct=25 sm=32 cfg=guard gemm fp16_32x4096x32000 value=118.26 unit=us ok rewritten=100%
rep=1 BENCH2 pct=25 sm=32 cfg=guard gemm bf16_512x512x512 value=9.60 unit=us ok rewritten=100%
rep=1 BENCH2 pct=25 sm=32 cfg=guard gemm bf16_1024x1024x1024 value=15.12 unit=us ok rewritten=100%
rep=1 BENCH2 pct=25 sm=32 cfg=guard gemm bf16_2048x2048x2048 value=85.24 unit=us ok rewritten=100%
rep=1 BENCH2 pct=25 sm=32 cfg=guard gemm bf16_4096x4096x4096 value=611.51 unit=us ok rewritten=100%
rep=1 BENCH2 pct=25 sm=32 cfg=guard e2e resnet50_cl0_bs1 value=293.47 unit=img/s ok rewritten=50%
rep=1 BENCH2 pct=25 sm=32 cfg=guard e2e resnet50_cl0_bs16 value=2653.60 unit=img/s ok rewritten=17%
rep=1 BENCH2 pct=25 sm=32 cfg=guard e2e resnet50_cl0_bs64 value=3022.85 unit=img/s ok rewritten=18%
rep=1 BENCH2 pct=25 sm=32 cfg=guard e2e resnet50_cl1_bs1 value=313.90 unit=img/s ok rewritten=100%
rep=1 BENCH2 pct=25 sm=32 cfg=guard e2e resnet50_cl1_bs16 value=4284.26 unit=img/s ok rewritten=91%
rep=1 BENCH2 pct=25 sm=32 cfg=guard e2e resnet50_cl1_bs64 value=5063.34 unit=img/s ok rewritten=100%
rep=1 BENCH2 pct=25 sm=32 cfg=guard e2e vit_b_16_cl0_bs1 value=368.54 unit=img/s ok rewritten=27%
rep=1 BENCH2 pct=25 sm=32 cfg=guard e2e vit_b_16_cl0_bs16 value=2757.19 unit=img/s ok rewritten=100%
rep=1 BENCH2 pct=25 sm=32 cfg=guard e2e vit_b_16_cl0_bs64 value=2993.15 unit=img/s ok rewritten=100%
rep=1 [LTGUARD] pid=1 matmul calls=1695462 cluster shape rewritten=1645978 (cache hits 1614977) left unsafe=0
rep=1 BENCH2 pct=12 sm=14 cfg=off gemm fp16_128x128x128 value=9.40 unit=us ok rewritten=0%
rep=1 BENCH2 pct=12 sm=14 cfg=off gemm fp16_256x256x256 value=9.46 unit=us ok rewritten=0%
rep=1 BENCH2 pct=12 sm=14 cfg=off gemm fp16_512x512x512 value=9.88 unit=us ok rewritten=0%
rep=1 BENCH2 pct=12 sm=14 cfg=off gemm fp16_1024x1024x1024 value=29.47 unit=us ok rewritten=0%
rep=1 BENCH2 pct=12 sm=14 cfg=off gemm fp16_2048x2048x2048 value=178.40 unit=us ok rewritten=0%
rep=1 BENCH2 pct=12 sm=14 cfg=off gemm fp16_4096x4096x4096 value=1413.03 unit=us ok rewritten=0%
rep=1 BENCH2 pct=12 sm=14 cfg=off gemm fp16_8192x8192x8192 value=10961.21 unit=us ok rewritten=0%
rep=1 BENCH2 pct=12 sm=14 cfg=off gemm fp16_1x4096x4096 value=34.71 unit=us ok rewritten=0%
rep=1 BENCH2 pct=12 sm=14 cfg=off gemm fp16_16x4096x4096 value=34.99 unit=us ok rewritten=0%
rep=1 BENCH2 pct=12 sm=14 cfg=off gemm fp16_64x4096x4096 value=33.99 unit=us ok rewritten=0%
rep=1 BENCH2 pct=12 sm=14 cfg=off gemm fp16_256x4096x4096 value=101.40 unit=us ok rewritten=0%
rep=1 BENCH2 pct=12 sm=14 cfg=off gemm fp16_1024x4096x4096 value=382.46 unit=us ok rewritten=0%
rep=1 BENCH2 pct=12 sm=14 cfg=off gemm fp16_16x2048x1000 value=11.65 unit=us ok rewritten=0%
rep=1 BENCH2 pct=12 sm=14 cfg=off gemm fp16_64x2048x1000 value=11.13 unit=us ok rewritten=0%
rep=1 BENCH2 pct=12 sm=14 cfg=off gemm fp16_1024x4096x128 value=17.28 unit=us ok rewritten=0%
rep=1 BENCH2 pct=12 sm=14 cfg=off gemm fp16_32x4096x32000 value=196.74 unit=us ok rewritten=0%
rep=1 BENCH2 pct=12 sm=14 cfg=off gemm bf16_512x512x512 value=9.75 unit=us ok rewritten=0%
rep=1 BENCH2 pct=12 sm=14 cfg=off gemm bf16_1024x1024x1024 value=29.46 unit=us ok rewritten=0%
rep=1 BENCH2 pct=12 sm=14 cfg=off gemm bf16_2048x2048x2048 value=178.93 unit=us ok rewritten=0%
rep=1 BENCH2 pct=12 sm=14 cfg=off gemm bf16_4096x4096x4096 value=1412.29 unit=us ok rewritten=0%
rep=1 BENCH2 pct=12 sm=14 cfg=off e2e resnet50_cl0_bs1 value=298.10 unit=img/s ok rewritten=0%
rep=1 BENCH2 pct=12 sm=14 cfg=off e2e resnet50_cl0_bs16 value=1354.43 unit=img/s ok rewritten=0%
rep=1 BENCH2 pct=12 sm=14 cfg=off e2e resnet50_cl0_bs64 value=1464.47 unit=img/s ok rewritten=0%
rep=1 BENCH2 pct=12 sm=14 cfg=off e2e resnet50_cl1_bs1 value=329.05 unit=img/s ok rewritten=0%
rep=1 BENCH2 pct=12 sm=14 cfg=off e2e resnet50_cl1_bs16 value=2397.50 unit=img/s ok rewritten=0%
rep=1 BENCH2 pct=12 sm=14 cfg=off e2e resnet50_cl1_bs64 value=2674.81 unit=img/s ok rewritten=0%
rep=1 BENCH2 pct=12 sm=14 cfg=off e2e vit_b_16_cl0_bs1 value=374.54 unit=img/s ok rewritten=0%
rep=1 BENCH2 pct=12 sm=14 cfg=off e2e vit_b_16_cl0_bs16 value=1284.35 unit=img/s ok rewritten=0%
rep=1 BENCH2 pct=12 sm=14 cfg=off e2e vit_b_16_cl0_bs64 value=1341.35 unit=img/s ok rewritten=0%
rep=1 BENCH2 pct=12 sm=14 cfg=guard gemm fp16_128x128x128 value=9.37 unit=us ok rewritten=100%
rep=1 BENCH2 pct=12 sm=14 cfg=guard gemm fp16_256x256x256 value=9.48 unit=us ok rewritten=0%
rep=1 BENCH2 pct=12 sm=14 cfg=guard gemm fp16_512x512x512 value=9.73 unit=us ok rewritten=0%
rep=1 BENCH2 pct=12 sm=14 cfg=guard gemm fp16_1024x1024x1024 value=29.50 unit=us ok rewritten=0%
rep=1 BENCH2 pct=12 sm=14 cfg=guard gemm fp16_2048x2048x2048 value=178.74 unit=us ok rewritten=0%
rep=1 BENCH2 pct=12 sm=14 cfg=guard gemm fp16_4096x4096x4096 value=1412.54 unit=us ok rewritten=0%
rep=1 BENCH2 pct=12 sm=14 cfg=guard gemm fp16_8192x8192x8192 value=10962.54 unit=us ok rewritten=0%
rep=1 BENCH2 pct=12 sm=14 cfg=guard gemm fp16_1x4096x4096 value=34.60 unit=us ok rewritten=0%
rep=1 BENCH2 pct=12 sm=14 cfg=guard gemm fp16_16x4096x4096 value=34.88 unit=us ok rewritten=0%
rep=1 BENCH2 pct=12 sm=14 cfg=guard gemm fp16_64x4096x4096 value=34.15 unit=us ok rewritten=0%
rep=1 BENCH2 pct=12 sm=14 cfg=guard gemm fp16_256x4096x4096 value=101.37 unit=us ok rewritten=0%
rep=1 BENCH2 pct=12 sm=14 cfg=guard gemm fp16_1024x4096x4096 value=382.33 unit=us ok rewritten=0%
rep=1 BENCH2 pct=12 sm=14 cfg=guard gemm fp16_16x2048x1000 value=14.18 unit=us ok rewritten=100%
rep=1 BENCH2 pct=12 sm=14 cfg=guard gemm fp16_64x2048x1000 value=11.93 unit=us ok rewritten=100%
rep=1 BENCH2 pct=12 sm=14 cfg=guard gemm fp16_1024x4096x128 value=17.44 unit=us ok rewritten=0%
rep=1 BENCH2 pct=12 sm=14 cfg=guard gemm fp16_32x4096x32000 value=196.79 unit=us ok rewritten=0%
rep=1 BENCH2 pct=12 sm=14 cfg=guard gemm bf16_512x512x512 value=9.71 unit=us ok rewritten=0%
rep=1 BENCH2 pct=12 sm=14 cfg=guard gemm bf16_1024x1024x1024 value=29.54 unit=us ok rewritten=0%
rep=1 BENCH2 pct=12 sm=14 cfg=guard gemm bf16_2048x2048x2048 value=178.63 unit=us ok rewritten=0%
rep=1 BENCH2 pct=12 sm=14 cfg=guard gemm bf16_4096x4096x4096 value=1411.98 unit=us ok rewritten=0%
rep=1 BENCH2 pct=12 sm=14 cfg=guard e2e resnet50_cl0_bs1 value=297.49 unit=img/s ok rewritten=3%
rep=1 BENCH2 pct=12 sm=14 cfg=guard e2e resnet50_cl0_bs16 value=1351.50 unit=img/s ok rewritten=3%
rep=1 BENCH2 pct=12 sm=14 cfg=guard e2e resnet50_cl0_bs64 value=1463.09 unit=img/s ok rewritten=0%
rep=1 BENCH2 pct=12 sm=14 cfg=guard e2e resnet50_cl1_bs1 value=327.62 unit=img/s ok rewritten=3%
rep=1 BENCH2 pct=12 sm=14 cfg=guard e2e resnet50_cl1_bs16 value=2386.02 unit=img/s ok rewritten=3%
rep=1 BENCH2 pct=12 sm=14 cfg=guard e2e resnet50_cl1_bs64 value=2670.14 unit=img/s ok rewritten=0%
rep=1 BENCH2 pct=12 sm=14 cfg=guard e2e vit_b_16_cl0_bs1 value=360.92 unit=img/s ok rewritten=76%
rep=1 BENCH2 pct=12 sm=14 cfg=guard e2e vit_b_16_cl0_bs16 value=1282.35 unit=img/s ok rewritten=2%
rep=1 BENCH2 pct=12 sm=14 cfg=guard e2e vit_b_16_cl0_bs64 value=1345.21 unit=img/s ok rewritten=0%
rep=1 [LTGUARD] pid=1 matmul calls=1332062 cluster shape rewritten=420650 (cache hits 419183) left unsafe=0
rep=1 BENCH2 pct=14 sm=18 cfg=off gemm fp16_128x128x128 value=9.33 unit=us ok rewritten=0%
rep=1 BENCH2 pct=14 sm=18 cfg=off gemm fp16_256x256x256 value=9.38 unit=us ok rewritten=0%
rep=1 BENCH2 pct=14 sm=18 cfg=off gemm fp16_512x512x512 value=9.70 unit=us ok rewritten=0%
rep=1 BENCH2 pct=14 sm=18 cfg=off gemm fp16_1024x1024x1024 value=23.81 unit=us ok rewritten=0%
rep=1 BENCH2 pct=14 sm=18 cfg=off gemm fp16_2048x2048x2048 value=156.96 unit=us ok rewritten=0%
rep=1 BENCH2 pct=14 sm=18 cfg=off gemm fp16_4096x4096x4096 value=1108.77 unit=us ok rewritten=0%
rep=1 BENCH2 pct=14 sm=18 cfg=off gemm fp16_8192x8192x8192 value=8511.91 unit=us ok rewritten=0%
rep=1 BENCH2 pct=14 sm=18 cfg=off gemm fp16_1x4096x4096 value=17.42 unit=us CORRUPT rewritten=0%
rep=1 BENCH2 pct=14 sm=18 cfg=off gemm fp16_16x4096x4096 value=17.68 unit=us CORRUPT rewritten=0%
rep=1 BENCH2 pct=14 sm=18 cfg=off gemm fp16_64x4096x4096 value=24.00 unit=us CORRUPT rewritten=0%
rep=1 BENCH2 pct=14 sm=18 cfg=off gemm fp16_256x4096x4096 value=77.33 unit=us ok rewritten=0%
rep=1 BENCH2 pct=14 sm=18 cfg=off gemm fp16_1024x4096x4096 value=295.30 unit=us ok rewritten=0%
rep=1 BENCH2 pct=14 sm=18 cfg=off gemm fp16_16x2048x1000 value=9.63 unit=us CORRUPT rewritten=0%
rep=1 BENCH2 pct=14 sm=18 cfg=off gemm fp16_64x2048x1000 value=9.72 unit=us CORRUPT rewritten=0%
rep=1 BENCH2 pct=14 sm=18 cfg=off gemm fp16_1024x4096x128 value=14.44 unit=us ok rewritten=0%
rep=1 BENCH2 pct=14 sm=18 cfg=off gemm fp16_32x4096x32000 value=175.07 unit=us ok rewritten=0%
rep=1 BENCH2 pct=14 sm=18 cfg=off gemm bf16_512x512x512 value=9.74 unit=us ok rewritten=0%
rep=1 BENCH2 pct=14 sm=18 cfg=off gemm bf16_1024x1024x1024 value=23.78 unit=us ok rewritten=0%
rep=1 BENCH2 pct=14 sm=18 cfg=off gemm bf16_2048x2048x2048 value=157.02 unit=us ok rewritten=0%
rep=1 BENCH2 pct=14 sm=18 cfg=off gemm bf16_4096x4096x4096 value=1108.68 unit=us ok rewritten=0%
rep=1 BENCH2 pct=14 sm=18 cfg=off e2e resnet50_cl0_bs1 value=296.52 unit=img/s CORRUPT(rel=8.5e+01,top1=0.00) rewritten=0%
rep=1 BENCH2 pct=14 sm=18 cfg=off e2e resnet50_cl0_bs16 value=1741.19 unit=img/s CORRUPT(rel=inf,top1=0.00) rewritten=0%
rep=1 BENCH2 pct=14 sm=18 cfg=off e2e resnet50_cl0_bs64 value=1888.88 unit=img/s ok rewritten=0%
rep=1 BENCH2 pct=14 sm=18 cfg=off e2e resnet50_cl1_bs1 value=322.59 unit=img/s CORRUPT(rel=inf,top1=0.00) rewritten=0%
rep=1 BENCH2 pct=14 sm=18 cfg=off e2e resnet50_cl1_bs16 value=3104.32 unit=img/s CORRUPT(rel=9.1e-01,top1=0.00) rewritten=0%
rep=1 BENCH2 pct=14 sm=18 cfg=off e2e resnet50_cl1_bs64 value=3435.86 unit=img/s ok rewritten=0%
rep=1 BENCH2 pct=14 sm=18 cfg=off e2e vit_b_16_cl0_bs1 value=372.32 unit=img/s CORRUPT(rel=inf,top1=0.00) rewritten=0%
rep=1 BENCH2 pct=14 sm=18 cfg=off e2e vit_b_16_cl0_bs16 value=1644.46 unit=img/s CORRUPT(rel=inf,top1=0.00) rewritten=0%
rep=1 BENCH2 pct=14 sm=18 cfg=off e2e vit_b_16_cl0_bs64 value=1712.35 unit=img/s ok rewritten=0%
rep=1 BENCH2 pct=14 sm=18 cfg=guard gemm fp16_128x128x128 value=9.24 unit=us ok rewritten=100%
rep=1 BENCH2 pct=14 sm=18 cfg=guard gemm fp16_256x256x256 value=9.27 unit=us ok rewritten=100%
rep=1 BENCH2 pct=14 sm=18 cfg=guard gemm fp16_512x512x512 value=9.56 unit=us ok rewritten=100%
rep=1 BENCH2 pct=14 sm=18 cfg=guard gemm fp16_1024x1024x1024 value=23.72 unit=us ok rewritten=0%
rep=1 BENCH2 pct=14 sm=18 cfg=guard gemm fp16_2048x2048x2048 value=156.87 unit=us ok rewritten=0%
rep=1 BENCH2 pct=14 sm=18 cfg=guard gemm fp16_4096x4096x4096 value=1108.40 unit=us ok rewritten=0%
rep=1 BENCH2 pct=14 sm=18 cfg=guard gemm fp16_8192x8192x8192 value=8510.69 unit=us ok rewritten=0%
rep=1 BENCH2 pct=14 sm=18 cfg=guard gemm fp16_1x4096x4096 value=25.03 unit=us ok rewritten=100%
rep=1 BENCH2 pct=14 sm=18 cfg=guard gemm fp16_16x4096x4096 value=25.42 unit=us ok rewritten=100%
rep=1 BENCH2 pct=14 sm=18 cfg=guard gemm fp16_64x4096x4096 value=28.06 unit=us ok rewritten=100%
rep=1 BENCH2 pct=14 sm=18 cfg=guard gemm fp16_256x4096x4096 value=77.37 unit=us ok rewritten=0%
rep=1 BENCH2 pct=14 sm=18 cfg=guard gemm fp16_1024x4096x4096 value=295.06 unit=us ok rewritten=0%
rep=1 BENCH2 pct=14 sm=18 cfg=guard gemm fp16_16x2048x1000 value=9.77 unit=us ok rewritten=100%
rep=1 BENCH2 pct=14 sm=18 cfg=guard gemm fp16_64x2048x1000 value=10.45 unit=us ok rewritten=100%
rep=1 BENCH2 pct=14 sm=18 cfg=guard gemm fp16_1024x4096x128 value=14.49 unit=us ok rewritten=100%
rep=1 BENCH2 pct=14 sm=18 cfg=guard gemm fp16_32x4096x32000 value=174.96 unit=us ok rewritten=0%
rep=1 BENCH2 pct=14 sm=18 cfg=guard gemm bf16_512x512x512 value=9.59 unit=us ok rewritten=100%
rep=1 BENCH2 pct=14 sm=18 cfg=guard gemm bf16_1024x1024x1024 value=23.65 unit=us ok rewritten=0%
rep=1 BENCH2 pct=14 sm=18 cfg=guard gemm bf16_2048x2048x2048 value=156.74 unit=us ok rewritten=0%
rep=1 BENCH2 pct=14 sm=18 cfg=guard gemm bf16_4096x4096x4096 value=1108.05 unit=us ok rewritten=0%
rep=1 BENCH2 pct=14 sm=18 cfg=guard e2e resnet50_cl0_bs1 value=301.87 unit=img/s ok rewritten=3%
rep=1 BENCH2 pct=14 sm=18 cfg=guard e2e resnet50_cl0_bs16 value=1750.56 unit=img/s ok rewritten=3%
rep=1 BENCH2 pct=14 sm=18 cfg=guard e2e resnet50_cl0_bs64 value=1891.88 unit=img/s ok rewritten=0%
rep=1 BENCH2 pct=14 sm=18 cfg=guard e2e resnet50_cl1_bs1 value=323.47 unit=img/s ok rewritten=38%
rep=1 BENCH2 pct=14 sm=18 cfg=guard e2e resnet50_cl1_bs16 value=3125.07 unit=img/s ok rewritten=3%
rep=1 BENCH2 pct=14 sm=18 cfg=guard e2e resnet50_cl1_bs64 value=3445.30 unit=img/s ok rewritten=0%
rep=1 BENCH2 pct=14 sm=18 cfg=guard e2e vit_b_16_cl0_bs1 value=365.29 unit=img/s ok rewritten=2%
rep=1 BENCH2 pct=14 sm=18 cfg=guard e2e vit_b_16_cl0_bs16 value=1647.99 unit=img/s ok rewritten=2%
rep=1 BENCH2 pct=14 sm=18 cfg=guard e2e vit_b_16_cl0_bs64 value=1713.54 unit=img/s ok rewritten=0%
rep=1 [LTGUARD] pid=1 matmul calls=1511217 cluster shape rewritten=1221233 (cache hits 1217938) left unsafe=0
rep=1 BENCH2 pct=40 sm=52 cfg=off gemm fp16_128x128x128 value=9.23 unit=us CORRUPT rewritten=0%
rep=1 BENCH2 pct=40 sm=52 cfg=off gemm fp16_256x256x256 value=9.42 unit=us CORRUPT rewritten=0%
rep=1 BENCH2 pct=40 sm=52 cfg=off gemm fp16_512x512x512 value=9.43 unit=us CORRUPT rewritten=0%
rep=1 BENCH2 pct=40 sm=52 cfg=off gemm fp16_1024x1024x1024 value=11.28 unit=us CORRUPT rewritten=0%
rep=1 BENCH2 pct=40 sm=52 cfg=off gemm fp16_2048x2048x2048 value=52.54 unit=us CORRUPT rewritten=0%
rep=1 BENCH2 pct=40 sm=52 cfg=off gemm fp16_4096x4096x4096 value=390.40 unit=us CORRUPT rewritten=0%
rep=1 BENCH2 pct=40 sm=52 cfg=off gemm fp16_8192x8192x8192 value=3008.97 unit=us CORRUPT rewritten=0%
rep=1 BENCH2 pct=40 sm=52 cfg=off gemm fp16_1x4096x4096 value=12.52 unit=us ok rewritten=0%
rep=1 BENCH2 pct=40 sm=52 cfg=off gemm fp16_16x4096x4096 value=11.95 unit=us ok rewritten=0%
rep=1 BENCH2 pct=40 sm=52 cfg=off gemm fp16_64x4096x4096 value=14.79 unit=us CORRUPT rewritten=0%
rep=1 BENCH2 pct=40 sm=52 cfg=off gemm fp16_256x4096x4096 value=29.22 unit=us CORRUPT rewritten=0%
rep=1 BENCH2 pct=40 sm=52 cfg=off gemm fp16_1024x4096x4096 value=101.56 unit=us CORRUPT rewritten=0%
rep=1 BENCH2 pct=40 sm=52 cfg=off gemm fp16_16x2048x1000 value=9.51 unit=us CORRUPT rewritten=0%
rep=1 BENCH2 pct=40 sm=52 cfg=off gemm fp16_64x2048x1000 value=9.48 unit=us CORRUPT rewritten=0%
rep=1 BENCH2 pct=40 sm=52 cfg=off gemm fp16_1024x4096x128 value=11.22 unit=us CORRUPT rewritten=0%
rep=1 BENCH2 pct=40 sm=52 cfg=off gemm fp16_32x4096x32000 value=84.63 unit=us CORRUPT rewritten=0%
rep=1 BENCH2 pct=40 sm=52 cfg=off gemm bf16_512x512x512 value=9.39 unit=us CORRUPT rewritten=0%
rep=1 BENCH2 pct=40 sm=52 cfg=off gemm bf16_1024x1024x1024 value=11.12 unit=us CORRUPT rewritten=0%
rep=1 BENCH2 pct=40 sm=52 cfg=off gemm bf16_2048x2048x2048 value=52.42 unit=us CORRUPT rewritten=0%
rep=1 BENCH2 pct=40 sm=52 cfg=off gemm bf16_4096x4096x4096 value=390.09 unit=us CORRUPT rewritten=0%
rep=1 BENCH2 pct=40 sm=52 cfg=off e2e resnet50_cl0_bs1 value=308.15 unit=img/s CORRUPT(rel=inf,top1=0.00) rewritten=0%
rep=1 BENCH2 pct=40 sm=52 cfg=off e2e resnet50_cl0_bs16 value=3782.34 unit=img/s CORRUPT(rel=inf,top1=0.00) rewritten=0%
rep=1 BENCH2 pct=40 sm=52 cfg=off e2e resnet50_cl0_bs64 value=4724.85 unit=img/s CORRUPT(rel=inf,top1=0.00) rewritten=0%
rep=1 BENCH2 pct=40 sm=52 cfg=off e2e resnet50_cl1_bs1 value=337.83 unit=img/s CORRUPT(rel=inf,top1=0.00) rewritten=0%
rep=1 BENCH2 pct=40 sm=52 cfg=off e2e resnet50_cl1_bs16 value=5138.49 unit=img/s CORRUPT(rel=inf,top1=0.06) rewritten=0%
rep=1 BENCH2 pct=40 sm=52 cfg=off e2e resnet50_cl1_bs64 value=7678.44 unit=img/s CORRUPT(rel=inf,top1=0.00) rewritten=0%
rep=1 BENCH2 pct=40 sm=52 cfg=off e2e vit_b_16_cl0_bs1 value=375.66 unit=img/s CORRUPT(rel=inf,top1=0.00) rewritten=0%
rep=1 BENCH2 pct=40 sm=52 cfg=off e2e vit_b_16_cl0_bs16 value=4113.36 unit=img/s CORRUPT(rel=inf,top1=0.00) rewritten=0%
rep=1 BENCH2 pct=40 sm=52 cfg=off e2e vit_b_16_cl0_bs64 value=4640.75 unit=img/s CORRUPT(rel=inf,top1=0.00) rewritten=0%
rep=1 BENCH2 pct=40 sm=52 cfg=guard gemm fp16_128x128x128 value=9.55 unit=us ok rewritten=100%
rep=1 BENCH2 pct=40 sm=52 cfg=guard gemm fp16_256x256x256 value=9.57 unit=us ok rewritten=100%
rep=1 BENCH2 pct=40 sm=52 cfg=guard gemm fp16_512x512x512 value=9.66 unit=us ok rewritten=100%
rep=1 BENCH2 pct=40 sm=52 cfg=guard gemm fp16_1024x1024x1024 value=11.41 unit=us ok rewritten=100%
rep=1 BENCH2 pct=40 sm=52 cfg=guard gemm fp16_2048x2048x2048 value=52.62 unit=us ok rewritten=100%
rep=1 BENCH2 pct=40 sm=52 cfg=guard gemm fp16_4096x4096x4096 value=389.61 unit=us ok rewritten=100%
rep=1 BENCH2 pct=40 sm=52 cfg=guard gemm fp16_8192x8192x8192 value=3003.54 unit=us ok rewritten=100%
rep=1 BENCH2 pct=40 sm=52 cfg=guard gemm fp16_1x4096x4096 value=17.02 unit=us ok rewritten=100%
rep=1 BENCH2 pct=40 sm=52 cfg=guard gemm fp16_16x4096x4096 value=17.41 unit=us ok rewritten=100%
rep=1 BENCH2 pct=40 sm=52 cfg=guard gemm fp16_64x4096x4096 value=18.45 unit=us ok rewritten=100%
rep=1 BENCH2 pct=40 sm=52 cfg=guard gemm fp16_256x4096x4096 value=29.81 unit=us ok rewritten=100%
rep=1 BENCH2 pct=40 sm=52 cfg=guard gemm fp16_1024x4096x4096 value=101.91 unit=us ok rewritten=100%
rep=1 BENCH2 pct=40 sm=52 cfg=guard gemm fp16_16x2048x1000 value=10.01 unit=us ok rewritten=100%
rep=1 BENCH2 pct=40 sm=52 cfg=guard gemm fp16_64x2048x1000 value=10.09 unit=us ok rewritten=100%
rep=1 BENCH2 pct=40 sm=52 cfg=guard gemm fp16_1024x4096x128 value=12.50 unit=us ok rewritten=100%
rep=1 BENCH2 pct=40 sm=52 cfg=guard gemm fp16_32x4096x32000 value=91.69 unit=us ok rewritten=100%
rep=1 BENCH2 pct=40 sm=52 cfg=guard gemm bf16_512x512x512 value=9.80 unit=us ok rewritten=100%
rep=1 BENCH2 pct=40 sm=52 cfg=guard gemm bf16_1024x1024x1024 value=11.39 unit=us ok rewritten=100%
rep=1 BENCH2 pct=40 sm=52 cfg=guard gemm bf16_2048x2048x2048 value=52.54 unit=us ok rewritten=100%
rep=1 BENCH2 pct=40 sm=52 cfg=guard gemm bf16_4096x4096x4096 value=389.86 unit=us ok rewritten=100%
rep=1 BENCH2 pct=40 sm=52 cfg=guard e2e resnet50_cl0_bs1 value=289.81 unit=img/s ok rewritten=50%
rep=1 BENCH2 pct=40 sm=52 cfg=guard e2e resnet50_cl0_bs16 value=3728.08 unit=img/s ok rewritten=17%
rep=1 BENCH2 pct=40 sm=52 cfg=guard e2e resnet50_cl0_bs64 value=4685.24 unit=img/s ok rewritten=50%
rep=1 BENCH2 pct=40 sm=52 cfg=guard e2e resnet50_cl1_bs1 value=307.56 unit=img/s ok rewritten=100%
rep=1 BENCH2 pct=40 sm=52 cfg=guard e2e resnet50_cl1_bs16 value=4814.05 unit=img/s ok rewritten=100%
rep=1 BENCH2 pct=40 sm=52 cfg=guard e2e resnet50_cl1_bs64 value=7638.20 unit=img/s ok rewritten=100%
rep=1 BENCH2 pct=40 sm=52 cfg=guard e2e vit_b_16_cl0_bs1 value=365.42 unit=img/s ok rewritten=76%
rep=1 BENCH2 pct=40 sm=52 cfg=guard e2e vit_b_16_cl0_bs16 value=4098.09 unit=img/s ok rewritten=100%
rep=1 BENCH2 pct=40 sm=52 cfg=guard e2e vit_b_16_cl0_bs64 value=4678.62 unit=img/s ok rewritten=100%
rep=1 [LTGUARD] pid=1 matmul calls=1863677 cluster shape rewritten=1830864 (cache hits 1805100) left unsafe=0
rep=1 BENCH2 pct=70 sm=92 cfg=off gemm fp16_128x128x128 value=9.51 unit=us ok rewritten=0%
rep=1 BENCH2 pct=70 sm=92 cfg=off gemm fp16_256x256x256 value=9.51 unit=us ok rewritten=0%
rep=1 BENCH2 pct=70 sm=92 cfg=off gemm fp16_512x512x512 value=9.65 unit=us ok rewritten=0%
rep=1 BENCH2 pct=70 sm=92 cfg=off gemm fp16_1024x1024x1024 value=9.93 unit=us ok rewritten=0%
rep=1 BENCH2 pct=70 sm=92 cfg=off gemm fp16_2048x2048x2048 value=36.32 unit=us ok rewritten=0%
rep=1 BENCH2 pct=70 sm=92 cfg=off gemm fp16_4096x4096x4096 value=260.23 unit=us CORRUPT rewritten=0%
rep=1 BENCH2 pct=70 sm=92 cfg=off gemm fp16_8192x8192x8192 value=2078.59 unit=us ok rewritten=0%
rep=1 BENCH2 pct=70 sm=92 cfg=off gemm fp16_1x4096x4096 value=11.19 unit=us ok rewritten=0%
rep=1 BENCH2 pct=70 sm=92 cfg=off gemm fp16_16x4096x4096 value=10.90 unit=us ok rewritten=0%
rep=1 BENCH2 pct=70 sm=92 cfg=off gemm fp16_64x4096x4096 value=11.70 unit=us ok rewritten=0%
rep=1 BENCH2 pct=70 sm=92 cfg=off gemm fp16_256x4096x4096 value=19.59 unit=us CORRUPT rewritten=0%
rep=1 BENCH2 pct=70 sm=92 cfg=off gemm fp16_1024x4096x4096 value=69.73 unit=us CORRUPT rewritten=0%
rep=1 BENCH2 pct=70 sm=92 cfg=off gemm fp16_16x2048x1000 value=9.78 unit=us ok rewritten=0%
rep=1 BENCH2 pct=70 sm=92 cfg=off gemm fp16_64x2048x1000 value=9.69 unit=us ok rewritten=0%
rep=1 BENCH2 pct=70 sm=92 cfg=off gemm fp16_1024x4096x128 value=10.74 unit=us ok rewritten=0%
rep=1 BENCH2 pct=70 sm=92 cfg=off gemm fp16_32x4096x32000 value=65.02 unit=us ok rewritten=0%
rep=1 BENCH2 pct=70 sm=92 cfg=off gemm bf16_512x512x512 value=9.62 unit=us ok rewritten=0%
rep=1 BENCH2 pct=70 sm=92 cfg=off gemm bf16_1024x1024x1024 value=10.03 unit=us ok rewritten=0%
rep=1 BENCH2 pct=70 sm=92 cfg=off gemm bf16_2048x2048x2048 value=35.25 unit=us ok rewritten=0%
rep=1 BENCH2 pct=70 sm=92 cfg=off gemm bf16_4096x4096x4096 value=249.98 unit=us CORRUPT rewritten=0%
rep=1 BENCH2 pct=70 sm=92 cfg=off e2e resnet50_cl0_bs1 value=297.98 unit=img/s CORRUPT(rel=7.4e-01,top1=0.00) rewritten=0%
rep=1 BENCH2 pct=70 sm=92 cfg=off e2e resnet50_cl0_bs16 value=4616.48 unit=img/s ok rewritten=0%
rep=1 BENCH2 pct=70 sm=92 cfg=off e2e resnet50_cl0_bs64 value=7418.48 unit=img/s ok rewritten=0%
rep=1 BENCH2 pct=70 sm=92 cfg=off e2e resnet50_cl1_bs1 value=326.02 unit=img/s CORRUPT(rel=inf,top1=0.00) rewritten=0%
rep=1 BENCH2 pct=70 sm=92 cfg=off e2e resnet50_cl1_bs16 value=4870.35 unit=img/s CORRUPT(rel=inf,top1=0.50) rewritten=0%
rep=1 BENCH2 pct=70 sm=92 cfg=off e2e resnet50_cl1_bs64 value=11977.96 unit=img/s CORRUPT(rel=9.7e-01,top1=0.62) rewritten=0%
rep=1 BENCH2 pct=70 sm=92 cfg=off e2e vit_b_16_cl0_bs1 value=365.89 unit=img/s ok rewritten=0%
rep=1 BENCH2 pct=70 sm=92 cfg=off e2e vit_b_16_cl0_bs16 value=5602.29 unit=img/s CORRUPT(rel=inf,top1=0.25) rewritten=0%
rep=1 BENCH2 pct=70 sm=92 cfg=off e2e vit_b_16_cl0_bs64 value=7754.97 unit=img/s CORRUPT(rel=inf,top1=0.66) rewritten=0%
rep=1 BENCH2 pct=70 sm=92 cfg=guard gemm fp16_128x128x128 value=9.56 unit=us ok rewritten=100%
rep=1 BENCH2 pct=70 sm=92 cfg=guard gemm fp16_256x256x256 value=9.58 unit=us ok rewritten=100%
rep=1 BENCH2 pct=70 sm=92 cfg=guard gemm fp16_512x512x512 value=9.72 unit=us ok rewritten=100%
rep=1 BENCH2 pct=70 sm=92 cfg=guard gemm fp16_1024x1024x1024 value=10.08 unit=us ok rewritten=100%
rep=1 BENCH2 pct=70 sm=92 cfg=guard gemm fp16_2048x2048x2048 value=36.79 unit=us ok rewritten=100%
rep=1 BENCH2 pct=70 sm=92 cfg=guard gemm fp16_4096x4096x4096 value=268.67 unit=us ok rewritten=100%
rep=1 BENCH2 pct=70 sm=92 cfg=guard gemm fp16_8192x8192x8192 value=2087.67 unit=us ok rewritten=100%
rep=1 BENCH2 pct=70 sm=92 cfg=guard gemm fp16_1x4096x4096 value=13.43 unit=us ok rewritten=100%
rep=1 BENCH2 pct=70 sm=92 cfg=guard gemm fp16_16x4096x4096 value=12.99 unit=us ok rewritten=100%
rep=1 BENCH2 pct=70 sm=92 cfg=guard gemm fp16_64x4096x4096 value=15.25 unit=us ok rewritten=100%
rep=1 BENCH2 pct=70 sm=92 cfg=guard gemm fp16_256x4096x4096 value=22.49 unit=us ok rewritten=100%
rep=1 BENCH2 pct=70 sm=92 cfg=guard gemm fp16_1024x4096x4096 value=71.92 unit=us ok rewritten=100%
rep=1 BENCH2 pct=70 sm=92 cfg=guard gemm fp16_16x2048x1000 value=10.07 unit=us ok rewritten=100%
rep=1 BENCH2 pct=70 sm=92 cfg=guard gemm fp16_64x2048x1000 value=9.90 unit=us ok rewritten=100%
rep=1 BENCH2 pct=70 sm=92 cfg=guard gemm fp16_1024x4096x128 value=11.37 unit=us ok rewritten=100%
rep=1 BENCH2 pct=70 sm=92 cfg=guard gemm fp16_32x4096x32000 value=72.04 unit=us ok rewritten=100%
rep=1 BENCH2 pct=70 sm=92 cfg=guard gemm bf16_512x512x512 value=9.63 unit=us ok rewritten=100%
rep=1 BENCH2 pct=70 sm=92 cfg=guard gemm bf16_1024x1024x1024 value=9.99 unit=us ok rewritten=100%
rep=1 BENCH2 pct=70 sm=92 cfg=guard gemm bf16_2048x2048x2048 value=35.52 unit=us ok rewritten=100%
rep=1 BENCH2 pct=70 sm=92 cfg=guard gemm bf16_4096x4096x4096 value=257.42 unit=us ok rewritten=100%
rep=1 BENCH2 pct=70 sm=92 cfg=guard e2e resnet50_cl0_bs1 value=298.07 unit=img/s ok rewritten=35%
rep=1 BENCH2 pct=70 sm=92 cfg=guard e2e resnet50_cl0_bs16 value=4622.63 unit=img/s ok rewritten=31%
rep=1 BENCH2 pct=70 sm=92 cfg=guard e2e resnet50_cl0_bs64 value=7421.23 unit=img/s ok rewritten=18%
rep=1 BENCH2 pct=70 sm=92 cfg=guard e2e resnet50_cl1_bs1 value=316.01 unit=img/s ok rewritten=100%
rep=1 BENCH2 pct=70 sm=92 cfg=guard e2e resnet50_cl1_bs16 value=4859.68 unit=img/s ok rewritten=100%
rep=1 BENCH2 pct=70 sm=92 cfg=guard e2e resnet50_cl1_bs64 value=11963.90 unit=img/s ok rewritten=100%
rep=1 BENCH2 pct=70 sm=92 cfg=guard e2e vit_b_16_cl0_bs1 value=349.28 unit=img/s ok rewritten=76%
rep=1 BENCH2 pct=70 sm=92 cfg=guard e2e vit_b_16_cl0_bs16 value=5564.30 unit=img/s ok rewritten=100%
rep=1 BENCH2 pct=70 sm=92 cfg=guard e2e vit_b_16_cl0_bs64 value=7772.19 unit=img/s ok rewritten=100%
rep=1 [LTGUARD] pid=1 matmul calls=2064662 cluster shape rewritten=2025244 (cache hits 1978075) left unsafe=0
BENCH2_REP1_DONE
rep=2 BENCH2 pct=100 sm=132 cfg=off gemm fp16_128x128x128 value=9.41 unit=us ok rewritten=0%
rep=2 BENCH2 pct=100 sm=132 cfg=off gemm fp16_256x256x256 value=9.60 unit=us ok rewritten=0%
rep=2 BENCH2 pct=100 sm=132 cfg=off gemm fp16_512x512x512 value=9.55 unit=us ok rewritten=0%
rep=2 BENCH2 pct=100 sm=132 cfg=off gemm fp16_1024x1024x1024 value=9.86 unit=us ok rewritten=0%
rep=2 BENCH2 pct=100 sm=132 cfg=off gemm fp16_2048x2048x2048 value=27.94 unit=us ok rewritten=0%
rep=2 BENCH2 pct=100 sm=132 cfg=off gemm fp16_4096x4096x4096 value=212.10 unit=us ok rewritten=0%
rep=2 BENCH2 pct=100 sm=132 cfg=off gemm fp16_8192x8192x8192 value=1689.10 unit=us ok rewritten=0%
rep=2 BENCH2 pct=100 sm=132 cfg=off gemm fp16_1x4096x4096 value=12.22 unit=us ok rewritten=0%
rep=2 BENCH2 pct=100 sm=132 cfg=off gemm fp16_16x4096x4096 value=12.25 unit=us ok rewritten=0%
rep=2 BENCH2 pct=100 sm=132 cfg=off gemm fp16_64x4096x4096 value=10.89 unit=us ok rewritten=0%
rep=2 BENCH2 pct=100 sm=132 cfg=off gemm fp16_256x4096x4096 value=17.38 unit=us ok rewritten=0%
rep=2 BENCH2 pct=100 sm=132 cfg=off gemm fp16_1024x4096x4096 value=55.27 unit=us ok rewritten=0%
rep=2 BENCH2 pct=100 sm=132 cfg=off gemm fp16_16x2048x1000 value=9.75 unit=us ok rewritten=0%
rep=2 BENCH2 pct=100 sm=132 cfg=off gemm fp16_64x2048x1000 value=9.77 unit=us ok rewritten=0%
rep=2 BENCH2 pct=100 sm=132 cfg=off gemm fp16_1024x4096x128 value=12.05 unit=us ok rewritten=0%
rep=2 BENCH2 pct=100 sm=132 cfg=off gemm fp16_32x4096x32000 value=65.12 unit=us ok rewritten=0%
rep=2 BENCH2 pct=100 sm=132 cfg=off gemm bf16_512x512x512 value=9.52 unit=us ok rewritten=0%
rep=2 BENCH2 pct=100 sm=132 cfg=off gemm bf16_1024x1024x1024 value=9.91 unit=us ok rewritten=0%
rep=2 BENCH2 pct=100 sm=132 cfg=off gemm bf16_2048x2048x2048 value=27.00 unit=us ok rewritten=0%
rep=2 BENCH2 pct=100 sm=132 cfg=off gemm bf16_4096x4096x4096 value=202.60 unit=us ok rewritten=0%
rep=2 BENCH2 pct=100 sm=132 cfg=off e2e resnet50_cl0_bs1 value=303.48 unit=img/s ok rewritten=0%
rep=2 BENCH2 pct=100 sm=132 cfg=off e2e resnet50_cl0_bs16 value=4735.30 unit=img/s ok rewritten=0%
rep=2 BENCH2 pct=100 sm=132 cfg=off e2e resnet50_cl0_bs64 value=9037.21 unit=img/s ok rewritten=0%
rep=2 BENCH2 pct=100 sm=132 cfg=off e2e resnet50_cl1_bs1 value=328.97 unit=img/s ok rewritten=0%
rep=2 BENCH2 pct=100 sm=132 cfg=off e2e resnet50_cl1_bs16 value=5110.69 unit=img/s ok rewritten=0%
rep=2 BENCH2 pct=100 sm=132 cfg=off e2e resnet50_cl1_bs64 value=14078.74 unit=img/s ok rewritten=0%
rep=2 BENCH2 pct=100 sm=132 cfg=off e2e vit_b_16_cl0_bs1 value=370.22 unit=img/s ok rewritten=0%
rep=2 BENCH2 pct=100 sm=132 cfg=off e2e vit_b_16_cl0_bs16 value=5879.83 unit=img/s ok rewritten=0%
rep=2 BENCH2 pct=100 sm=132 cfg=off e2e vit_b_16_cl0_bs64 value=9762.22 unit=img/s ok rewritten=0%
rep=2 BENCH2 pct=100 sm=132 cfg=guard gemm fp16_128x128x128 value=9.56 unit=us ok rewritten=100%
rep=2 BENCH2 pct=100 sm=132 cfg=guard gemm fp16_256x256x256 value=9.60 unit=us ok rewritten=0%
rep=2 BENCH2 pct=100 sm=132 cfg=guard gemm fp16_512x512x512 value=9.66 unit=us ok rewritten=100%
rep=2 BENCH2 pct=100 sm=132 cfg=guard gemm fp16_1024x1024x1024 value=9.85 unit=us ok rewritten=0%
rep=2 BENCH2 pct=100 sm=132 cfg=guard gemm fp16_2048x2048x2048 value=27.92 unit=us ok rewritten=0%
rep=2 BENCH2 pct=100 sm=132 cfg=guard gemm fp16_4096x4096x4096 value=211.82 unit=us ok rewritten=0%
rep=2 BENCH2 pct=100 sm=132 cfg=guard gemm fp16_8192x8192x8192 value=1685.85 unit=us ok rewritten=0%
rep=2 BENCH2 pct=100 sm=132 cfg=guard gemm fp16_1x4096x4096 value=12.21 unit=us ok rewritten=100%
rep=2 BENCH2 pct=100 sm=132 cfg=guard gemm fp16_16x4096x4096 value=12.23 unit=us ok rewritten=100%
rep=2 BENCH2 pct=100 sm=132 cfg=guard gemm fp16_64x4096x4096 value=10.80 unit=us ok rewritten=0%
rep=2 BENCH2 pct=100 sm=132 cfg=guard gemm fp16_256x4096x4096 value=17.51 unit=us ok rewritten=0%
rep=2 BENCH2 pct=100 sm=132 cfg=guard gemm fp16_1024x4096x4096 value=54.82 unit=us ok rewritten=0%
rep=2 BENCH2 pct=100 sm=132 cfg=guard gemm fp16_16x2048x1000 value=10.20 unit=us ok rewritten=100%
rep=2 BENCH2 pct=100 sm=132 cfg=guard gemm fp16_64x2048x1000 value=9.85 unit=us ok rewritten=0%
rep=2 BENCH2 pct=100 sm=132 cfg=guard gemm fp16_1024x4096x128 value=12.02 unit=us ok rewritten=100%
rep=2 BENCH2 pct=100 sm=132 cfg=guard gemm fp16_32x4096x32000 value=65.11 unit=us ok rewritten=0%
rep=2 BENCH2 pct=100 sm=132 cfg=guard gemm bf16_512x512x512 value=9.55 unit=us ok rewritten=100%
rep=2 BENCH2 pct=100 sm=132 cfg=guard gemm bf16_1024x1024x1024 value=9.86 unit=us ok rewritten=0%
rep=2 BENCH2 pct=100 sm=132 cfg=guard gemm bf16_2048x2048x2048 value=26.88 unit=us ok rewritten=0%
rep=2 BENCH2 pct=100 sm=132 cfg=guard gemm bf16_4096x4096x4096 value=201.86 unit=us ok rewritten=0%
rep=2 BENCH2 pct=100 sm=132 cfg=guard e2e resnet50_cl0_bs1 value=299.20 unit=img/s ok rewritten=47%
rep=2 BENCH2 pct=100 sm=132 cfg=guard e2e resnet50_cl0_bs16 value=4730.00 unit=img/s ok rewritten=3%
rep=2 BENCH2 pct=100 sm=132 cfg=guard e2e resnet50_cl0_bs64 value=9108.73 unit=img/s ok rewritten=14%
rep=2 BENCH2 pct=100 sm=132 cfg=guard e2e resnet50_cl1_bs1 value=322.86 unit=img/s ok rewritten=97%
rep=2 BENCH2 pct=100 sm=132 cfg=guard e2e resnet50_cl1_bs16 value=5198.42 unit=img/s ok rewritten=21%
rep=2 BENCH2 pct=100 sm=132 cfg=guard e2e resnet50_cl1_bs64 value=14198.68 unit=img/s ok rewritten=0%
rep=2 BENCH2 pct=100 sm=132 cfg=guard e2e vit_b_16_cl0_bs1 value=364.96 unit=img/s ok rewritten=98%
rep=2 BENCH2 pct=100 sm=132 cfg=guard e2e vit_b_16_cl0_bs16 value=5796.05 unit=img/s ok rewritten=2%
rep=2 BENCH2 pct=100 sm=132 cfg=guard e2e vit_b_16_cl0_bs64 value=9803.35 unit=img/s ok rewritten=0%
rep=2 [LTGUARD] pid=1 matmul calls=2191967 cluster shape rewritten=1060589 (cache hits 1039880) left unsafe=0
rep=2 BENCH2 pct=40 sm=52 cfg=off gemm fp16_128x128x128 value=9.27 unit=us CORRUPT rewritten=0%
rep=2 BENCH2 pct=40 sm=52 cfg=off gemm fp16_256x256x256 value=9.34 unit=us CORRUPT rewritten=0%
rep=2 BENCH2 pct=40 sm=52 cfg=off gemm fp16_512x512x512 value=9.51 unit=us CORRUPT rewritten=0%
rep=2 BENCH2 pct=40 sm=52 cfg=off gemm fp16_1024x1024x1024 value=11.15 unit=us CORRUPT rewritten=0%
rep=2 BENCH2 pct=40 sm=52 cfg=off gemm fp16_2048x2048x2048 value=52.45 unit=us CORRUPT rewritten=0%
rep=2 BENCH2 pct=40 sm=52 cfg=off gemm fp16_4096x4096x4096 value=390.16 unit=us CORRUPT rewritten=0%
rep=2 BENCH2 pct=40 sm=52 cfg=off gemm fp16_8192x8192x8192 value=3008.24 unit=us CORRUPT rewritten=0%
rep=2 BENCH2 pct=40 sm=52 cfg=off gemm fp16_1x4096x4096 value=12.52 unit=us ok rewritten=0%
rep=2 BENCH2 pct=40 sm=52 cfg=off gemm fp16_16x4096x4096 value=12.02 unit=us ok rewritten=0%
rep=2 BENCH2 pct=40 sm=52 cfg=off gemm fp16_64x4096x4096 value=14.85 unit=us CORRUPT rewritten=0%
rep=2 BENCH2 pct=40 sm=52 cfg=off gemm fp16_256x4096x4096 value=29.37 unit=us CORRUPT rewritten=0%
rep=2 BENCH2 pct=40 sm=52 cfg=off gemm fp16_1024x4096x4096 value=101.74 unit=us CORRUPT rewritten=0%
rep=2 BENCH2 pct=40 sm=52 cfg=off gemm fp16_16x2048x1000 value=9.57 unit=us CORRUPT rewritten=0%
rep=2 BENCH2 pct=40 sm=52 cfg=off gemm fp16_64x2048x1000 value=9.58 unit=us CORRUPT rewritten=0%
rep=2 BENCH2 pct=40 sm=52 cfg=off gemm fp16_1024x4096x128 value=11.47 unit=us CORRUPT rewritten=0%
rep=2 BENCH2 pct=40 sm=52 cfg=off gemm fp16_32x4096x32000 value=84.72 unit=us CORRUPT rewritten=0%
rep=2 BENCH2 pct=40 sm=52 cfg=off gemm bf16_512x512x512 value=9.33 unit=us CORRUPT rewritten=0%
rep=2 BENCH2 pct=40 sm=52 cfg=off gemm bf16_1024x1024x1024 value=11.20 unit=us CORRUPT rewritten=0%
rep=2 BENCH2 pct=40 sm=52 cfg=off gemm bf16_2048x2048x2048 value=52.48 unit=us CORRUPT rewritten=0%
rep=2 BENCH2 pct=40 sm=52 cfg=off gemm bf16_4096x4096x4096 value=389.84 unit=us CORRUPT rewritten=0%
rep=2 BENCH2 pct=40 sm=52 cfg=off e2e resnet50_cl0_bs1 value=311.76 unit=img/s CORRUPT(rel=inf,top1=0.00) rewritten=0%
rep=2 BENCH2 pct=40 sm=52 cfg=off e2e resnet50_cl0_bs16 value=3769.20 unit=img/s CORRUPT(rel=inf,top1=0.00) rewritten=0%
rep=2 BENCH2 pct=40 sm=52 cfg=off e2e resnet50_cl0_bs64 value=4719.08 unit=img/s CORRUPT(rel=inf,top1=0.00) rewritten=0%
rep=2 BENCH2 pct=40 sm=52 cfg=off e2e resnet50_cl1_bs1 value=342.88 unit=img/s CORRUPT(rel=inf,top1=0.00) rewritten=0%
rep=2 BENCH2 pct=40 sm=52 cfg=off e2e resnet50_cl1_bs16 value=5111.21 unit=img/s CORRUPT(rel=inf,top1=0.06) rewritten=0%
rep=2 BENCH2 pct=40 sm=52 cfg=off e2e resnet50_cl1_bs64 value=7668.60 unit=img/s CORRUPT(rel=inf,top1=0.00) rewritten=0%
rep=2 BENCH2 pct=40 sm=52 cfg=off e2e vit_b_16_cl0_bs1 value=373.47 unit=img/s CORRUPT(rel=inf,top1=0.00) rewritten=0%
rep=2 BENCH2 pct=40 sm=52 cfg=off e2e vit_b_16_cl0_bs16 value=4108.78 unit=img/s CORRUPT(rel=inf,top1=0.00) rewritten=0%
rep=2 BENCH2 pct=40 sm=52 cfg=off e2e vit_b_16_cl0_bs64 value=4668.19 unit=img/s CORRUPT(rel=inf,top1=0.00) rewritten=0%
rep=2 BENCH2 pct=40 sm=52 cfg=guard gemm fp16_128x128x128 value=9.38 unit=us ok rewritten=100%
rep=2 BENCH2 pct=40 sm=52 cfg=guard gemm fp16_256x256x256 value=9.48 unit=us ok rewritten=100%
rep=2 BENCH2 pct=40 sm=52 cfg=guard gemm fp16_512x512x512 value=9.56 unit=us ok rewritten=100%
rep=2 BENCH2 pct=40 sm=52 cfg=guard gemm fp16_1024x1024x1024 value=11.15 unit=us ok rewritten=100%
rep=2 BENCH2 pct=40 sm=52 cfg=guard gemm fp16_2048x2048x2048 value=52.47 unit=us ok rewritten=100%
rep=2 BENCH2 pct=40 sm=52 cfg=guard gemm fp16_4096x4096x4096 value=389.35 unit=us ok rewritten=100%
rep=2 BENCH2 pct=40 sm=52 cfg=guard gemm fp16_8192x8192x8192 value=3003.43 unit=us ok rewritten=100%
rep=2 BENCH2 pct=40 sm=52 cfg=guard gemm fp16_1x4096x4096 value=16.84 unit=us ok rewritten=100%
rep=2 BENCH2 pct=40 sm=52 cfg=guard gemm fp16_16x4096x4096 value=17.26 unit=us ok rewritten=100%
rep=2 BENCH2 pct=40 sm=52 cfg=guard gemm fp16_64x4096x4096 value=18.21 unit=us ok rewritten=100%
rep=2 BENCH2 pct=40 sm=52 cfg=guard gemm fp16_256x4096x4096 value=29.46 unit=us ok rewritten=100%
rep=2 BENCH2 pct=40 sm=52 cfg=guard gemm fp16_1024x4096x4096 value=101.75 unit=us ok rewritten=100%
rep=2 BENCH2 pct=40 sm=52 cfg=guard gemm fp16_16x2048x1000 value=9.90 unit=us ok rewritten=100%
rep=2 BENCH2 pct=40 sm=52 cfg=guard gemm fp16_64x2048x1000 value=9.95 unit=us ok rewritten=100%
rep=2 BENCH2 pct=40 sm=52 cfg=guard gemm fp16_1024x4096x128 value=12.31 unit=us ok rewritten=100%
rep=2 BENCH2 pct=40 sm=52 cfg=guard gemm fp16_32x4096x32000 value=91.69 unit=us ok rewritten=100%
rep=2 BENCH2 pct=40 sm=52 cfg=guard gemm bf16_512x512x512 value=9.57 unit=us ok rewritten=100%
rep=2 BENCH2 pct=40 sm=52 cfg=guard gemm bf16_1024x1024x1024 value=11.18 unit=us ok rewritten=100%
rep=2 BENCH2 pct=40 sm=52 cfg=guard gemm bf16_2048x2048x2048 value=52.44 unit=us ok rewritten=100%
rep=2 BENCH2 pct=40 sm=52 cfg=guard gemm bf16_4096x4096x4096 value=389.72 unit=us ok rewritten=100%
rep=2 BENCH2 pct=40 sm=52 cfg=guard e2e resnet50_cl0_bs1 value=284.68 unit=img/s ok rewritten=50%
rep=2 BENCH2 pct=40 sm=52 cfg=guard e2e resnet50_cl0_bs16 value=3774.35 unit=img/s ok rewritten=17%
rep=2 BENCH2 pct=40 sm=52 cfg=guard e2e resnet50_cl0_bs64 value=4701.20 unit=img/s ok rewritten=50%
rep=2 BENCH2 pct=40 sm=52 cfg=guard e2e resnet50_cl1_bs1 value=306.35 unit=img/s ok rewritten=100%
rep=2 BENCH2 pct=40 sm=52 cfg=guard e2e resnet50_cl1_bs16 value=4716.56 unit=img/s ok rewritten=100%
rep=2 BENCH2 pct=40 sm=52 cfg=guard e2e resnet50_cl1_bs64 value=7675.95 unit=img/s ok rewritten=100%
rep=2 BENCH2 pct=40 sm=52 cfg=guard e2e vit_b_16_cl0_bs1 value=364.79 unit=img/s ok rewritten=76%
rep=2 BENCH2 pct=40 sm=52 cfg=guard e2e vit_b_16_cl0_bs16 value=4109.00 unit=img/s ok rewritten=100%
rep=2 BENCH2 pct=40 sm=52 cfg=guard e2e vit_b_16_cl0_bs64 value=4684.51 unit=img/s ok rewritten=100%
rep=2 [LTGUARD] pid=1 matmul calls=1886667 cluster shape rewritten=1853964 (cache hits 1828425) left unsafe=0
rep=2 BENCH2 pct=12 sm=14 cfg=off gemm fp16_128x128x128 value=9.45 unit=us ok rewritten=0%
rep=2 BENCH2 pct=12 sm=14 cfg=off gemm fp16_256x256x256 value=9.52 unit=us ok rewritten=0%
rep=2 BENCH2 pct=12 sm=14 cfg=off gemm fp16_512x512x512 value=9.75 unit=us ok rewritten=0%
rep=2 BENCH2 pct=12 sm=14 cfg=off gemm fp16_1024x1024x1024 value=29.56 unit=us ok rewritten=0%
rep=2 BENCH2 pct=12 sm=14 cfg=off gemm fp16_2048x2048x2048 value=178.66 unit=us ok rewritten=0%
rep=2 BENCH2 pct=12 sm=14 cfg=off gemm fp16_4096x4096x4096 value=1412.52 unit=us ok rewritten=0%
rep=2 BENCH2 pct=12 sm=14 cfg=off gemm fp16_8192x8192x8192 value=10962.48 unit=us ok rewritten=0%
rep=2 BENCH2 pct=12 sm=14 cfg=off gemm fp16_1x4096x4096 value=34.60 unit=us ok rewritten=0%
rep=2 BENCH2 pct=12 sm=14 cfg=off gemm fp16_16x4096x4096 value=34.84 unit=us ok rewritten=0%
rep=2 BENCH2 pct=12 sm=14 cfg=off gemm fp16_64x4096x4096 value=34.09 unit=us ok rewritten=0%
rep=2 BENCH2 pct=12 sm=14 cfg=off gemm fp16_256x4096x4096 value=101.32 unit=us ok rewritten=0%
rep=2 BENCH2 pct=12 sm=14 cfg=off gemm fp16_1024x4096x4096 value=382.39 unit=us ok rewritten=0%
rep=2 BENCH2 pct=12 sm=14 cfg=off gemm fp16_16x2048x1000 value=11.75 unit=us ok rewritten=0%
rep=2 BENCH2 pct=12 sm=14 cfg=off gemm fp16_64x2048x1000 value=11.15 unit=us ok rewritten=0%
rep=2 BENCH2 pct=12 sm=14 cfg=off gemm fp16_1024x4096x128 value=17.37 unit=us ok rewritten=0%
rep=2 BENCH2 pct=12 sm=14 cfg=off gemm fp16_32x4096x32000 value=196.66 unit=us ok rewritten=0%
rep=2 BENCH2 pct=12 sm=14 cfg=off gemm bf16_512x512x512 value=9.95 unit=us ok rewritten=0%
rep=2 BENCH2 pct=12 sm=14 cfg=off gemm bf16_1024x1024x1024 value=29.53 unit=us ok rewritten=0%
rep=2 BENCH2 pct=12 sm=14 cfg=off gemm bf16_2048x2048x2048 value=178.78 unit=us ok rewritten=0%
rep=2 BENCH2 pct=12 sm=14 cfg=off gemm bf16_4096x4096x4096 value=1411.69 unit=us ok rewritten=0%
rep=2 BENCH2 pct=12 sm=14 cfg=off e2e resnet50_cl0_bs1 value=299.67 unit=img/s ok rewritten=0%
rep=2 BENCH2 pct=12 sm=14 cfg=off e2e resnet50_cl0_bs16 value=1351.18 unit=img/s ok rewritten=0%
rep=2 BENCH2 pct=12 sm=14 cfg=off e2e resnet50_cl0_bs64 value=1463.51 unit=img/s ok rewritten=0%
rep=2 BENCH2 pct=12 sm=14 cfg=off e2e resnet50_cl1_bs1 value=325.78 unit=img/s ok rewritten=0%
rep=2 BENCH2 pct=12 sm=14 cfg=off e2e resnet50_cl1_bs16 value=2383.83 unit=img/s ok rewritten=0%
rep=2 BENCH2 pct=12 sm=14 cfg=off e2e resnet50_cl1_bs64 value=2670.37 unit=img/s ok rewritten=0%
rep=2 BENCH2 pct=12 sm=14 cfg=off e2e vit_b_16_cl0_bs1 value=363.75 unit=img/s ok rewritten=0%
rep=2 BENCH2 pct=12 sm=14 cfg=off e2e vit_b_16_cl0_bs16 value=1282.17 unit=img/s ok rewritten=0%
rep=2 BENCH2 pct=12 sm=14 cfg=off e2e vit_b_16_cl0_bs64 value=1345.27 unit=img/s ok rewritten=0%
rep=2 BENCH2 pct=12 sm=14 cfg=guard gemm fp16_128x128x128 value=9.73 unit=us ok rewritten=100%
rep=2 BENCH2 pct=12 sm=14 cfg=guard gemm fp16_256x256x256 value=9.75 unit=us ok rewritten=0%
rep=2 BENCH2 pct=12 sm=14 cfg=guard gemm fp16_512x512x512 value=10.09 unit=us ok rewritten=0%
rep=2 BENCH2 pct=12 sm=14 cfg=guard gemm fp16_1024x1024x1024 value=29.72 unit=us ok rewritten=0%
rep=2 BENCH2 pct=12 sm=14 cfg=guard gemm fp16_2048x2048x2048 value=179.59 unit=us ok rewritten=0%
rep=2 BENCH2 pct=12 sm=14 cfg=guard gemm fp16_4096x4096x4096 value=1414.11 unit=us ok rewritten=0%
rep=2 BENCH2 pct=12 sm=14 cfg=guard gemm fp16_8192x8192x8192 value=10962.49 unit=us ok rewritten=0%
rep=2 BENCH2 pct=12 sm=14 cfg=guard gemm fp16_1x4096x4096 value=35.22 unit=us ok rewritten=0%
rep=2 BENCH2 pct=12 sm=14 cfg=guard gemm fp16_16x4096x4096 value=34.90 unit=us ok rewritten=0%
rep=2 BENCH2 pct=12 sm=14 cfg=guard gemm fp16_64x4096x4096 value=34.12 unit=us ok rewritten=0%
rep=2 BENCH2 pct=12 sm=14 cfg=guard gemm fp16_256x4096x4096 value=101.41 unit=us ok rewritten=0%
rep=2 BENCH2 pct=12 sm=14 cfg=guard gemm fp16_1024x4096x4096 value=382.43 unit=us ok rewritten=0%
rep=2 BENCH2 pct=12 sm=14 cfg=guard gemm fp16_16x2048x1000 value=14.17 unit=us ok rewritten=100%
rep=2 BENCH2 pct=12 sm=14 cfg=guard gemm fp16_64x2048x1000 value=11.87 unit=us ok rewritten=100%
rep=2 BENCH2 pct=12 sm=14 cfg=guard gemm fp16_1024x4096x128 value=17.41 unit=us ok rewritten=0%
rep=2 BENCH2 pct=12 sm=14 cfg=guard gemm fp16_32x4096x32000 value=197.45 unit=us ok rewritten=0%
rep=2 BENCH2 pct=12 sm=14 cfg=guard gemm bf16_512x512x512 value=9.80 unit=us ok rewritten=0%
rep=2 BENCH2 pct=12 sm=14 cfg=guard gemm bf16_1024x1024x1024 value=30.26 unit=us ok rewritten=0%
rep=2 BENCH2 pct=12 sm=14 cfg=guard gemm bf16_2048x2048x2048 value=180.30 unit=us ok rewritten=0%
rep=2 BENCH2 pct=12 sm=14 cfg=guard gemm bf16_4096x4096x4096 value=1414.82 unit=us ok rewritten=0%
rep=2 BENCH2 pct=12 sm=14 cfg=guard e2e resnet50_cl0_bs1 value=186.48 unit=img/s ok rewritten=3%
rep=2 BENCH2 pct=12 sm=14 cfg=guard e2e resnet50_cl0_bs16 value=1348.84 unit=img/s ok rewritten=3%
rep=2 BENCH2 pct=12 sm=14 cfg=guard e2e resnet50_cl0_bs64 value=1462.25 unit=img/s ok rewritten=0%
rep=2 BENCH2 pct=12 sm=14 cfg=guard e2e resnet50_cl1_bs1 value=203.99 unit=img/s ok rewritten=3%
rep=2 BENCH2 pct=12 sm=14 cfg=guard e2e resnet50_cl1_bs16 value=2380.07 unit=img/s ok rewritten=3%
rep=2 BENCH2 pct=12 sm=14 cfg=guard e2e resnet50_cl1_bs64 value=2667.98 unit=img/s ok rewritten=0%
rep=2 BENCH2 pct=12 sm=14 cfg=guard e2e vit_b_16_cl0_bs1 value=146.78 unit=img/s ok rewritten=76%
rep=2 BENCH2 pct=12 sm=14 cfg=guard e2e vit_b_16_cl0_bs16 value=1280.62 unit=img/s ok rewritten=2%
rep=2 BENCH2 pct=12 sm=14 cfg=guard e2e vit_b_16_cl0_bs64 value=1344.21 unit=img/s ok rewritten=0%
rep=2 [LTGUARD] pid=1 matmul calls=1276172 cluster shape rewritten=399140 (cache hits 398533) left unsafe=0
BENCH2_DONE
rep=3 BENCH2 pct=12 sm=14 cfg=off gemm fp16_128x128x128 value=9.56 unit=us ok rewritten=0%
rep=3 BENCH2 pct=12 sm=14 cfg=off gemm fp16_256x256x256 value=9.62 unit=us ok rewritten=0%
rep=3 BENCH2 pct=12 sm=14 cfg=off gemm fp16_512x512x512 value=9.91 unit=us ok rewritten=0%
rep=3 BENCH2 pct=12 sm=14 cfg=off gemm fp16_1024x1024x1024 value=29.58 unit=us ok rewritten=0%
rep=3 BENCH2 pct=12 sm=14 cfg=off gemm fp16_2048x2048x2048 value=178.73 unit=us ok rewritten=0%
rep=3 BENCH2 pct=12 sm=14 cfg=off gemm fp16_4096x4096x4096 value=1412.27 unit=us ok rewritten=0%
rep=3 BENCH2 pct=12 sm=14 cfg=off gemm fp16_8192x8192x8192 value=10960.88 unit=us ok rewritten=0%
rep=3 BENCH2 pct=12 sm=14 cfg=off gemm fp16_1x4096x4096 value=33.53 unit=us ok rewritten=0%
rep=3 BENCH2 pct=12 sm=14 cfg=off gemm fp16_16x4096x4096 value=34.99 unit=us ok rewritten=0%
rep=3 BENCH2 pct=12 sm=14 cfg=off gemm fp16_64x4096x4096 value=33.96 unit=us ok rewritten=0%
rep=3 BENCH2 pct=12 sm=14 cfg=off gemm fp16_256x4096x4096 value=101.40 unit=us ok rewritten=0%
rep=3 BENCH2 pct=12 sm=14 cfg=off gemm fp16_1024x4096x4096 value=382.32 unit=us ok rewritten=0%
rep=3 BENCH2 pct=12 sm=14 cfg=off gemm fp16_16x2048x1000 value=11.81 unit=us ok rewritten=0%
rep=3 BENCH2 pct=12 sm=14 cfg=off gemm fp16_64x2048x1000 value=11.18 unit=us ok rewritten=0%
rep=3 BENCH2 pct=12 sm=14 cfg=off gemm fp16_1024x4096x128 value=17.28 unit=us ok rewritten=0%
rep=3 BENCH2 pct=12 sm=14 cfg=off gemm fp16_32x4096x32000 value=196.97 unit=us ok rewritten=0%
rep=3 BENCH2 pct=12 sm=14 cfg=off gemm bf16_512x512x512 value=9.93 unit=us ok rewritten=0%
rep=3 BENCH2 pct=12 sm=14 cfg=off gemm bf16_1024x1024x1024 value=29.47 unit=us ok rewritten=0%
rep=3 BENCH2 pct=12 sm=14 cfg=off gemm bf16_2048x2048x2048 value=178.52 unit=us ok rewritten=0%
rep=3 BENCH2 pct=12 sm=14 cfg=off gemm bf16_4096x4096x4096 value=1411.52 unit=us ok rewritten=0%
rep=3 BENCH2 pct=12 sm=14 cfg=off e2e resnet50_cl0_bs1 value=293.34 unit=img/s ok rewritten=0%
rep=3 BENCH2 pct=12 sm=14 cfg=off e2e resnet50_cl0_bs16 value=1351.58 unit=img/s ok rewritten=0%
rep=3 BENCH2 pct=12 sm=14 cfg=off e2e resnet50_cl0_bs64 value=1462.86 unit=img/s ok rewritten=0%
rep=3 BENCH2 pct=12 sm=14 cfg=off e2e resnet50_cl1_bs1 value=324.80 unit=img/s ok rewritten=0%
rep=3 BENCH2 pct=12 sm=14 cfg=off e2e resnet50_cl1_bs16 value=2380.72 unit=img/s ok rewritten=0%
rep=3 BENCH2 pct=12 sm=14 cfg=off e2e resnet50_cl1_bs64 value=2669.25 unit=img/s ok rewritten=0%
rep=3 BENCH2 pct=12 sm=14 cfg=off e2e vit_b_16_cl0_bs1 value=370.00 unit=img/s ok rewritten=0%
rep=3 BENCH2 pct=12 sm=14 cfg=off e2e vit_b_16_cl0_bs16 value=1282.27 unit=img/s ok rewritten=0%
rep=3 BENCH2 pct=12 sm=14 cfg=off e2e vit_b_16_cl0_bs64 value=1345.31 unit=img/s ok rewritten=0%
rep=3 BENCH2 pct=12 sm=14 cfg=guard gemm fp16_128x128x128 value=9.48 unit=us ok rewritten=100%
rep=3 BENCH2 pct=12 sm=14 cfg=guard gemm fp16_256x256x256 value=9.58 unit=us ok rewritten=0%
rep=3 BENCH2 pct=12 sm=14 cfg=guard gemm fp16_512x512x512 value=9.89 unit=us ok rewritten=0%
rep=3 BENCH2 pct=12 sm=14 cfg=guard gemm fp16_1024x1024x1024 value=29.62 unit=us ok rewritten=0%
rep=3 BENCH2 pct=12 sm=14 cfg=guard gemm fp16_2048x2048x2048 value=178.65 unit=us ok rewritten=0%
rep=3 BENCH2 pct=12 sm=14 cfg=guard gemm fp16_4096x4096x4096 value=1412.06 unit=us ok rewritten=0%
rep=3 BENCH2 pct=12 sm=14 cfg=guard gemm fp16_8192x8192x8192 value=10959.81 unit=us ok rewritten=0%
rep=3 BENCH2 pct=12 sm=14 cfg=guard gemm fp16_1x4096x4096 value=33.52 unit=us ok rewritten=0%
rep=3 BENCH2 pct=12 sm=14 cfg=guard gemm fp16_16x4096x4096 value=34.98 unit=us ok rewritten=0%
rep=3 BENCH2 pct=12 sm=14 cfg=guard gemm fp16_64x4096x4096 value=33.95 unit=us ok rewritten=0%
rep=3 BENCH2 pct=12 sm=14 cfg=guard gemm fp16_256x4096x4096 value=101.39 unit=us ok rewritten=0%
rep=3 BENCH2 pct=12 sm=14 cfg=guard gemm fp16_1024x4096x4096 value=382.25 unit=us ok rewritten=0%
rep=3 BENCH2 pct=12 sm=14 cfg=guard gemm fp16_16x2048x1000 value=14.14 unit=us ok rewritten=100%
rep=3 BENCH2 pct=12 sm=14 cfg=guard gemm fp16_64x2048x1000 value=11.85 unit=us ok rewritten=100%
rep=3 BENCH2 pct=12 sm=14 cfg=guard gemm fp16_1024x4096x128 value=17.27 unit=us ok rewritten=0%
rep=3 BENCH2 pct=12 sm=14 cfg=guard gemm fp16_32x4096x32000 value=196.90 unit=us ok rewritten=0%
rep=3 BENCH2 pct=12 sm=14 cfg=guard gemm bf16_512x512x512 value=9.81 unit=us ok rewritten=0%
rep=3 BENCH2 pct=12 sm=14 cfg=guard gemm bf16_1024x1024x1024 value=29.57 unit=us ok rewritten=0%
rep=3 BENCH2 pct=12 sm=14 cfg=guard gemm bf16_2048x2048x2048 value=178.58 unit=us ok rewritten=0%
rep=3 BENCH2 pct=12 sm=14 cfg=guard gemm bf16_4096x4096x4096 value=1411.73 unit=us ok rewritten=0%
rep=3 BENCH2 pct=12 sm=14 cfg=guard e2e resnet50_cl0_bs1 value=290.08 unit=img/s ok rewritten=3%
rep=3 BENCH2 pct=12 sm=14 cfg=guard e2e resnet50_cl0_bs16 value=1351.02 unit=img/s ok rewritten=3%
rep=3 BENCH2 pct=12 sm=14 cfg=guard e2e resnet50_cl0_bs64 value=1462.46 unit=img/s ok rewritten=0%
rep=3 BENCH2 pct=12 sm=14 cfg=guard e2e resnet50_cl1_bs1 value=326.03 unit=img/s ok rewritten=3%
rep=3 BENCH2 pct=12 sm=14 cfg=guard e2e resnet50_cl1_bs16 value=2382.29 unit=img/s ok rewritten=3%
rep=3 BENCH2 pct=12 sm=14 cfg=guard e2e resnet50_cl1_bs64 value=2665.12 unit=img/s ok rewritten=0%
rep=3 BENCH2 pct=12 sm=14 cfg=guard e2e vit_b_16_cl0_bs1 value=364.48 unit=img/s ok rewritten=76%
rep=3 BENCH2 pct=12 sm=14 cfg=guard e2e vit_b_16_cl0_bs16 value=1281.80 unit=img/s ok rewritten=2%
rep=3 BENCH2 pct=12 sm=14 cfg=guard e2e vit_b_16_cl0_bs64 value=1345.16 unit=img/s ok rewritten=0%
rep=3 [LTGUARD] pid=1 matmul calls=1327437 cluster shape rewritten=420150 (cache hits 418673) left unsafe=0
rep=3 BENCH2 pct=25 sm=32 cfg=off gemm fp16_128x128x128 value=9.51 unit=us ok rewritten=0%
rep=3 BENCH2 pct=25 sm=32 cfg=off gemm fp16_256x256x256 value=9.58 unit=us ok rewritten=0%
rep=3 BENCH2 pct=25 sm=32 cfg=off gemm fp16_512x512x512 value=9.96 unit=us ok rewritten=0%
rep=3 BENCH2 pct=25 sm=32 cfg=off gemm fp16_1024x1024x1024 value=15.16 unit=us ok rewritten=0%
rep=3 BENCH2 pct=25 sm=32 cfg=off gemm fp16_2048x2048x2048 value=85.02 unit=us ok rewritten=0%
rep=3 BENCH2 pct=25 sm=32 cfg=off gemm fp16_4096x4096x4096 value=616.75 unit=us ok rewritten=0%
rep=3 BENCH2 pct=25 sm=32 cfg=off gemm fp16_8192x8192x8192 value=4789.83 unit=us ok rewritten=0%
rep=3 BENCH2 pct=25 sm=32 cfg=off gemm fp16_1x4096x4096 value=15.82 unit=us ok rewritten=0%
rep=3 BENCH2 pct=25 sm=32 cfg=off gemm fp16_16x4096x4096 value=15.41 unit=us ok rewritten=0%
rep=3 BENCH2 pct=25 sm=32 cfg=off gemm fp16_64x4096x4096 value=16.69 unit=us ok rewritten=0%
rep=3 BENCH2 pct=25 sm=32 cfg=off gemm fp16_256x4096x4096 value=43.26 unit=us ok rewritten=0%
rep=3 BENCH2 pct=25 sm=32 cfg=off gemm fp16_1024x4096x4096 value=158.35 unit=us ok rewritten=0%
rep=3 BENCH2 pct=25 sm=32 cfg=off gemm fp16_16x2048x1000 value=9.91 unit=us ok rewritten=0%
rep=3 BENCH2 pct=25 sm=32 cfg=off gemm fp16_64x2048x1000 value=9.83 unit=us ok rewritten=0%
rep=3 BENCH2 pct=25 sm=32 cfg=off gemm fp16_1024x4096x128 value=11.48 unit=us ok rewritten=0%
rep=3 BENCH2 pct=25 sm=32 cfg=off gemm fp16_32x4096x32000 value=108.89 unit=us ok rewritten=0%
rep=3 BENCH2 pct=25 sm=32 cfg=off gemm bf16_512x512x512 value=9.69 unit=us ok rewritten=0%
rep=3 BENCH2 pct=25 sm=32 cfg=off gemm bf16_1024x1024x1024 value=15.21 unit=us ok rewritten=0%
rep=3 BENCH2 pct=25 sm=32 cfg=off gemm bf16_2048x2048x2048 value=85.28 unit=us ok rewritten=0%
rep=3 BENCH2 pct=25 sm=32 cfg=off gemm bf16_4096x4096x4096 value=612.80 unit=us ok rewritten=0%
rep=3 BENCH2 pct=25 sm=32 cfg=off e2e resnet50_cl0_bs1 value=291.40 unit=img/s ok rewritten=0%
rep=3 BENCH2 pct=25 sm=32 cfg=off e2e resnet50_cl0_bs16 value=2654.90 unit=img/s ok rewritten=0%
rep=3 BENCH2 pct=25 sm=32 cfg=off e2e resnet50_cl0_bs64 value=3025.34 unit=img/s ok rewritten=0%
rep=3 BENCH2 pct=25 sm=32 cfg=off e2e resnet50_cl1_bs1 value=315.88 unit=img/s ok rewritten=0%
rep=3 BENCH2 pct=25 sm=32 cfg=off e2e resnet50_cl1_bs16 value=4311.06 unit=img/s ok rewritten=0%
rep=3 BENCH2 pct=25 sm=32 cfg=off e2e resnet50_cl1_bs64 value=5077.82 unit=img/s ok rewritten=0%
rep=3 BENCH2 pct=25 sm=32 cfg=off e2e vit_b_16_cl0_bs1 value=366.69 unit=img/s ok rewritten=0%
rep=3 BENCH2 pct=25 sm=32 cfg=off e2e vit_b_16_cl0_bs16 value=2749.86 unit=img/s ok rewritten=0%
rep=3 BENCH2 pct=25 sm=32 cfg=off e2e vit_b_16_cl0_bs64 value=2970.17 unit=img/s ok rewritten=0%
rep=3 BENCH2 pct=25 sm=32 cfg=guard gemm fp16_128x128x128 value=9.67 unit=us ok rewritten=100%
rep=3 BENCH2 pct=25 sm=32 cfg=guard gemm fp16_256x256x256 value=9.62 unit=us ok rewritten=100%
rep=3 BENCH2 pct=25 sm=32 cfg=guard gemm fp16_512x512x512 value=9.83 unit=us ok rewritten=100%
rep=3 BENCH2 pct=25 sm=32 cfg=guard gemm fp16_1024x1024x1024 value=15.40 unit=us ok rewritten=100%
rep=3 BENCH2 pct=25 sm=32 cfg=guard gemm fp16_2048x2048x2048 value=85.21 unit=us ok rewritten=100%
rep=3 BENCH2 pct=25 sm=32 cfg=guard gemm fp16_4096x4096x4096 value=612.02 unit=us ok rewritten=100%
rep=3 BENCH2 pct=25 sm=32 cfg=guard gemm fp16_8192x8192x8192 value=4743.77 unit=us ok rewritten=100%
rep=3 BENCH2 pct=25 sm=32 cfg=guard gemm fp16_1x4096x4096 value=19.08 unit=us ok rewritten=100%
rep=3 BENCH2 pct=25 sm=32 cfg=guard gemm fp16_16x4096x4096 value=19.17 unit=us ok rewritten=100%
rep=3 BENCH2 pct=25 sm=32 cfg=guard gemm fp16_64x4096x4096 value=22.08 unit=us ok rewritten=100%
rep=3 BENCH2 pct=25 sm=32 cfg=guard gemm fp16_256x4096x4096 value=43.62 unit=us ok rewritten=100%
rep=3 BENCH2 pct=25 sm=32 cfg=guard gemm fp16_1024x4096x4096 value=158.47 unit=us ok rewritten=100%
rep=3 BENCH2 pct=25 sm=32 cfg=guard gemm fp16_16x2048x1000 value=10.12 unit=us ok rewritten=100%
rep=3 BENCH2 pct=25 sm=32 cfg=guard gemm fp16_64x2048x1000 value=10.44 unit=us ok rewritten=100%
rep=3 BENCH2 pct=25 sm=32 cfg=guard gemm fp16_1024x4096x128 value=13.55 unit=us ok rewritten=100%
rep=3 BENCH2 pct=25 sm=32 cfg=guard gemm fp16_32x4096x32000 value=118.53 unit=us ok rewritten=100%
rep=3 BENCH2 pct=25 sm=32 cfg=guard gemm bf16_512x512x512 value=9.62 unit=us ok rewritten=100%
rep=3 BENCH2 pct=25 sm=32 cfg=guard gemm bf16_1024x1024x1024 value=15.30 unit=us ok rewritten=100%
rep=3 BENCH2 pct=25 sm=32 cfg=guard gemm bf16_2048x2048x2048 value=84.78 unit=us ok rewritten=100%
rep=3 BENCH2 pct=25 sm=32 cfg=guard gemm bf16_4096x4096x4096 value=610.79 unit=us ok rewritten=100%
rep=3 BENCH2 pct=25 sm=32 cfg=guard e2e resnet50_cl0_bs1 value=297.55 unit=img/s ok rewritten=50%
rep=3 BENCH2 pct=25 sm=32 cfg=guard e2e resnet50_cl0_bs16 value=2631.76 unit=img/s ok rewritten=17%
rep=3 BENCH2 pct=25 sm=32 cfg=guard e2e resnet50_cl0_bs64 value=3014.19 unit=img/s ok rewritten=18%
rep=3 BENCH2 pct=25 sm=32 cfg=guard e2e resnet50_cl1_bs1 value=320.63 unit=img/s ok rewritten=100%
rep=3 BENCH2 pct=25 sm=32 cfg=guard e2e resnet50_cl1_bs16 value=4245.13 unit=img/s ok rewritten=91%
rep=3 BENCH2 pct=25 sm=32 cfg=guard e2e resnet50_cl1_bs64 value=5042.64 unit=img/s ok rewritten=100%
rep=3 BENCH2 pct=25 sm=32 cfg=guard e2e vit_b_16_cl0_bs1 value=362.81 unit=img/s ok rewritten=27%
rep=3 BENCH2 pct=25 sm=32 cfg=guard e2e vit_b_16_cl0_bs16 value=2745.13 unit=img/s ok rewritten=100%
rep=3 BENCH2 pct=25 sm=32 cfg=guard e2e vit_b_16_cl0_bs64 value=2990.72 unit=img/s ok rewritten=100%
rep=3 [LTGUARD] pid=1 matmul calls=1676917 cluster shape rewritten=1627758 (cache hits 1596467) left unsafe=0
